Microchip MPLAB XC8 Compiler V2.40

Linker command line:

-W-3 --edf=D:\File Install MBLAB IDE\XC8\pic\dat\20220703182018_en.msgs -cn \
  -h+dist/default/production\ADC_LCD.X.production.sym \
  --cmf=dist/default/production\ADC_LCD.X.production.cmf -z -Q16F877A \
  -oC:\Users\levan\AppData\Local\Temp\xcAsdj4.4 --defsym=__MPLAB_BUILD=1 \
  --fixupoverflow=error -Mdist/default/production/ADC_LCD.X.production.map \
  --md=C:\Users\levan\AppData\Local\Temp\xcAsdj4.dat -E1 -ver=XC8 Compiler \
  --acfsm=1493 -ACODE=00h-07FFhx4 -ASTRCODE=00h-01FFFh -ASTRING=00h-0FFhx32 \
  -ACONST=00h-0FFhx32 -AENTRY=00h-0FFhx32 -ACOMMON=070h-07Fh \
  -ABANK0=020h-06Fh -ABANK1=0A0h-0EFh -ABANK2=0110h-016Fh \
  -ABANK3=0190h-01EFh -ARAM=020h-06Fh,0A0h-0EFh,0110h-016Fh,0190h-01EFh \
  -AABS1=020h-07Fh,0A0h-0EFh,0110h-016Fh,0190h-01EFh -ASFR0=00h-01Fh \
  -ASFR1=080h-09Fh -ASFR2=0100h-010Fh -ASFR3=0180h-018Fh \
  -ACONFIG=02007h-02007h -DCONFIG=2 -AIDLOC=02000h-02003h -DIDLOC=2 \
  -AEEDATA=00h-0FFh/02100h -peeprom_data=EEDATA -DEEDATA=2 -DCODE=2 \
  -DSTRCODE=2 -DSTRING=2 -DCONST=2 -DENTRY=2 \
  -preset_vec=00h,intentry,init,end_init -ppowerup=CODE -pcinit=CODE \
  -pfunctab=ENTRY -k C:\Users\levan\AppData\Local\Temp\xcAsdj4.o \
  dist/default/production\ADC_LCD.X.production.o 

Object code version is 3.11

Machine type is 16F877A



                Name                               Link     Load   Length Selector   Space Scale
C:\Users\levan\AppData\Local\Temp\xcAsdj4.o
                end_init                              0        0        3        0       0
                config                             2007     2007        1        0       4
dist/default/production\ADC_LCD.X.production.o
                cinit                               7FC      7FC        4      FF8       0
                config                             2007     2007        1        0       4
                text7                               5E0      5E0       1E      BC0       0
                text6                               5FE      5FE       2E      BFC       0
                text5                               5C6      5C6       1A      B8C       0
                text4                               5B8      5B8        E      B70       0
                text3                               62C      62C       41      C58       0
                text2                               6C8      6C8       67      D90       0
                text1                               66D      66D       5B      CDA       0
                maintext                            72F      72F       CD      E5E       0
                cstackBANK0                          20       20        9       20       1
                cstackCOMMON                         70       70        E       70       1

TOTAL           Name                               Link     Load   Length     Space
        CLASS   CODE           
                end_init                              0        0        3         0
                cinit                               7FC      7FC        4         0
                text7                               5E0      5E0       1E         0
                text6                               5FE      5FE       2E         0
                text5                               5C6      5C6       1A         0
                text4                               5B8      5B8        E         0
                text3                               62C      62C       41         0
                text2                               6C8      6C8       67         0
                text1                               66D      66D       5B         0
                maintext                            72F      72F       CD         0

        CLASS   STRCODE        

        CLASS   STRING         

        CLASS   CONST          

        CLASS   ENTRY          

        CLASS   COMMON         
                cstackCOMMON                         70       70        E         1

        CLASS   BANK0          
                cstackBANK0                          20       20        9         1

        CLASS   BANK1          

        CLASS   BANK2          

        CLASS   BANK3          

        CLASS   RAM            

        CLASS   ABS1           
                abs_s1                               7E       7E        2         1

        CLASS   SFR0           

        CLASS   SFR1           

        CLASS   SFR2           

        CLASS   SFR3           

        CLASS   CONFIG         
                config                             2007     2007        1         4

        CLASS   IDLOC          

        CLASS   EEDATA         

        CLASS   STACK          



SEGMENTS        Name                           Load    Length   Top    Selector   Space  Class     Delta

                reset_vec                      000000  000003  000003         0       0  CODE        2
                cstackBANK0                    000020  000009  000029        20       1  BANK0       1
                cstackCOMMON                   000070  00000E  00007E        70       1  COMMON      1
                text4                          0005B8  00000E  0005C6       B70       0  CODE        2
                text5                          0005C6  00001A  0005E0       B8C       0  CODE        2
                text7                          0005E0  00001E  0005FE       BC0       0  CODE        2
                text6                          0005FE  00002E  00062C       BFC       0  CODE        2
                text3                          00062C  000041  00066D       C58       0  CODE        2
                text1                          00066D  00005B  0006C8       CDA       0  CODE        2
                text2                          0006C8  000067  00072F       D90       0  CODE        2
                maintext                       00072F  0000CD  0007FC       E5E       0  CODE        2
                cinit                          0007FC  000004  000800       FF8       0  CODE        2


UNUSED ADDRESS RANGES

        Name                Unused          Largest block    Delta
        BANK0            0029-006F             47           1
        BANK1            00A0-00EF             50           1
        BANK2            0110-016F             60           1
        BANK3            0190-01EF             60           1
        CODE             0003-05B7            5B5           2
                         0800-1FFF            800
        CONST            0003-05B7            100           2
                         0800-1FFF            100
        EEDATA           2100-21FF            100           2
        ENTRY            0003-05B7            100           2
                         0800-1FFF            100
        IDLOC            2000-2003              4           2
        RAM              0029-006F             47           1
                         00A0-00EF             50
                         0110-016F             60
                         0190-01EF             60
        SFR0             0000-001F             20           1
        SFR1             0080-009F             20           1
        SFR2             0100-010F             10           1
        SFR3             0180-018F             10           1
        STRCODE          0003-05B7            5B5           2
                         0800-1FFF           1800
        STRING           0003-05B7            100           2
                         0800-1FFF            100

                                  Symbol Table

?___awdiv                cstackCOMMON 0070
?___awmod                cstackCOMMON 0079
LCD_Char@c               cstackCOMMON 0072
LCD_Cmd@cmd              cstackCOMMON 0072
LCD_Cmd_Init@cmd         cstackCOMMON 0071
LCD_GotoCursor@cmd       cstackCOMMON 0077
LCD_GotoCursor@col       cstackCOMMON 0073
LCD_GotoCursor@row       cstackCOMMON 0074
_ADCON0                  (abs)        001F
_ADCON1                  (abs)        009F
_ADRESH                  (abs)        001E
_ADRESL                  (abs)        009E
_GO_nDONE                (abs)        00FA
_LCD_Char                text7        05E0
_LCD_Cmd                 text6        05FE
_LCD_Cmd_Init            text4        05B8
_LCD_GotoCursor          text5        05C6
_LCD_GotoCursor$111      cstackCOMMON 0075
_LCD_Init                text3        062C
_PORTBbits               (abs)        0006
_PORTC                   (abs)        0007
_TRISA                   (abs)        0085
_TRISBbits               (abs)        0086
_TRISC                   (abs)        0087
__Habs1                  abs1         0000
__Hbank0                 bank0        0000
__Hbank1                 bank1        0000
__Hbank2                 bank2        0000
__Hbank3                 bank3        0000
__Hcinit                 cinit        0800
__Hclrtext               clrtext      0000
__Hcode                  code         0000
__Hcommon                common       0000
__Hconfig                config       2008
__HcstackBANK0           cstackBANK0  0000
__HcstackCOMMON          cstackCOMMON 0000
__Heeprom_data           eeprom_data  0000
__Hend_init              end_init     0003
__Hfunctab               functab      0000
__Hinit                  init         0000
__Hintentry              intentry     0000
__Hmaintext              maintext     0000
__Hpowerup               powerup      0000
__Hram                   ram          0000
__Hreset_vec             reset_vec    0000
__Hsfr0                  sfr0         0000
__Hsfr1                  sfr1         0000
__Hsfr2                  sfr2         0000
__Hsfr3                  sfr3         0000
__Hspace_0               (abs)        0800
__Hspace_1               (abs)        007E
__Hspace_2               (abs)        0000
__Hspace_3               (abs)        0000
__Hspace_4               (abs)        400F
__Hstack                 stack        0000
__Hstrings               strings      0000
__Htext                  text         0000
__Labs1                  abs1         0000
__Lbank0                 bank0        0000
__Lbank1                 bank1        0000
__Lbank2                 bank2        0000
__Lbank3                 bank3        0000
__Lcinit                 cinit        07FC
__Lclrtext               clrtext      0000
__Lcode                  code         0000
__Lcommon                common       0000
__Lconfig                config       0000
__LcstackBANK0           cstackBANK0  0000
__LcstackCOMMON          cstackCOMMON 0000
__Leeprom_data           eeprom_data  0000
__Lend_init              end_init     0000
__Lfunctab               functab      0000
__Linit                  init         0000
__Lintentry              intentry     0000
__Lmaintext              maintext     0000
__Lpowerup               powerup      0000
__Lram                   ram          0000
__Lreset_vec             reset_vec    0000
__Lsfr0                  sfr0         0000
__Lsfr1                  sfr1         0000
__Lsfr2                  sfr2         0000
__Lsfr3                  sfr3         0000
__Lspace_0               (abs)        0000
__Lspace_1               (abs)        0000
__Lspace_2               (abs)        0000
__Lspace_3               (abs)        0000
__Lspace_4               (abs)        0000
__Lstack                 stack        0000
__Lstrings               strings      0000
__Ltext                  text         0000
__S0                     (abs)        0800
__S1                     (abs)        007E
__S3                     (abs)        0000
___awdiv                 text2        06C8
___awdiv@counter         cstackCOMMON 0075
___awdiv@dividend        cstackCOMMON 0072
___awdiv@divisor         cstackCOMMON 0070
___awdiv@quotient        cstackCOMMON 0077
___awdiv@sign            cstackCOMMON 0076
___awmod                 text1        066D
___awmod@counter         cstackBANK0  0020
___awmod@dividend        cstackCOMMON 007B
___awmod@divisor         cstackCOMMON 0079
___awmod@sign            cstackBANK0  0021
___int_sp                stack        0000
___latbits               (abs)        0002
___sp                    stack        0000
___stackhi               (abs)        0000
___stacklo               (abs)        0000
__end_of_LCD_Char        text7        05FE
__end_of_LCD_Cmd         text6        062C
__end_of_LCD_Cmd_Init    text4        05C6
__end_of_LCD_GotoCursor  text5        05E0
__end_of_LCD_Init        text3        066D
__end_of___awdiv         text2        072F
__end_of___awmod         text1        06C8
__end_of__initialization cinit        07FC
__end_of_main            maintext     07FC
__initialization         cinit        07FC
__pcstackBANK0           cstackBANK0  0020
__pcstackCOMMON          cstackCOMMON 0070
__pmaintext              maintext     072F
__ptext1                 text1        066D
__ptext2                 text2        06C8
__ptext3                 text3        062C
__ptext4                 text4        05B8
__ptext5                 text5        05C6
__ptext6                 text6        05FE
__ptext7                 text7        05E0
_main                    maintext     072F
btemp                    (abs)        007E
end_of_initialization    cinit        07FC
intlevel0                functab      0000
intlevel1                functab      0000
intlevel2                functab      0000
intlevel3                functab      0000
intlevel4                functab      0000
intlevel5                functab      0000
main@adc                 cstackBANK0  0027
main@channel             cstackBANK0  0025
reset_vec                reset_vec    0000
start                    init         0000
start_initialization     cinit        07FC
wtemp0                   (abs)        007E


MODULE INFORMATION

Module		Function		Class		Link	Load	Size
D:\File Install MBLAB IDE\XC8\pic\sources\c90\common\awdiv.c
		___awdiv       		CODE           	06C8	0000	103

D:\File Install MBLAB IDE\XC8\pic\sources\c90\common\awdiv.c estimated size: 103

newmain.c
		_LCD_Init      		CODE           	062C	0000	65
		_LCD_Cmd       		CODE           	05FE	0000	46
		_main          		CODE           	072F	0000	205
		_LCD_Cmd_Init  		CODE           	05B8	0000	14
		_LCD_Char      		CODE           	05E0	0000	30
		_LCD_GotoCursor		CODE           	05C6	0000	26

newmain.c estimated size: 386

shared
		__initialization		CODE           	07FC	0000	1

shared estimated size: 1

D:\File Install MBLAB IDE\XC8\pic\sources\c90\common\awmod.c
		___awmod       		CODE           	066D	0000	91

D:\File Install MBLAB IDE\XC8\pic\sources\c90\common\awmod.c estimated size: 91

