Microchip MPLAB XC8 Compiler V2.32

Linker command line:

-W-3 --edf=D:\File Install MBLAB IDE\XC8\pic\dat\en_msgs.txt -cn \
  -h+dist/default/production\DHT11.X.production.sym \
  --cmf=dist/default/production\DHT11.X.production.cmf -z -Q16F877A \
  -oC:\Users\levan\AppData\Local\Temp\xcAsfuc.6 --defsym=__MPLAB_BUILD=1 \
  -Mdist/default/production/DHT11.X.production.map -E1 -ver=XC8 Compiler \
  --acfsm=1493 -ASTACK=0110h-016Fh -pstack=STACK -ACODE=00h-07FFhx4 \
  -ASTRCODE=00h-01FFFh -ASTRING=00h-0FFhx32 -ACONST=00h-0FFhx32 \
  -AENTRY=00h-0FFhx32 -ACOMMON=070h-07Fh -ABANK0=020h-06Fh \
  -ABANK1=0A0h-0EFh -ABANK2=0110h-016Fh -ABANK3=0190h-01EFh \
  -ARAM=020h-06Fh,0A0h-0EFh,0110h-016Fh,0190h-01EFh \
  -AABS1=020h-07Fh,0A0h-0EFh,0110h-016Fh,0190h-01EFh -ASFR0=00h-01Fh \
  -ASFR1=080h-09Fh -ASFR2=0100h-010Fh -ASFR3=0180h-018Fh \
  -ACONFIG=02007h-02007h -DCONFIG=2 -AIDLOC=02000h-02003h -DIDLOC=2 \
  -AEEDATA=00h-0FFh/02100h -peeprom_data=EEDATA -DEEDATA=2 -DCODE=2 \
  -DSTRCODE=2 -DSTRING=2 -DCONST=2 -DENTRY=2 \
  -preset_vec=00h,intentry=04h,init,end_init -ppowerup=CODE -pcinit=CODE \
  -pfunctab=ENTRY -k C:\Users\levan\AppData\Local\Temp\xcAsfuc.o \
  dist/default/production\DHT11.X.production.o 

Object code version is 3.11

Machine type is 16F877A



                Name                               Link     Load   Length Selector   Space Scale
C:\Users\levan\AppData\Local\Temp\xcAsfuc.o
                end_init                             12       12        3        8       0
                reset_vec                             0        0        3        0       0
                config                             2007     2007        1        0       4
dist/default/production\DHT11.X.production.o
                cinit                                15       15        E        8       0
                intentry                              4        4        E        8       0
                config                             2007     2007        1        0       4
                text17                              5AD      5AD       12      996       0
                text16                              5D9      5D9        C      996       0
                text15                              56F      56F       2B      996       0
                text14                              5E5      5E5        B      996       0
                text13                              507      507       3B      996       0
                text12                              601      601        8      996       0
                text11                              5CD      5CD        C      996       0
                text10                              5F0      5F0        9      996       0
                text9                               60F      60F        4      996       0
                text8                               609      609        6      996       0
                text7                                23       23      2DA        8       0
                text6                               59A      59A       13      996       0
                text5                               5BF      5BF        E      996       0
                text4                               542      542       2D      996       0
                text3                               445      445       46        8       0
                text2                               4CB      4CB       3C      996       0
                text1                               2FD      2FD       EA        8       0
                maintext                            3E7      3E7       5E        8       0
                cstackBANK0                          20       20       4F       20       1
                cstackCOMMON                         70       70        C       70       1
                clrtext                             5F9      5F9        8      996       0
                bssBANK1                             A0       A0       32       A0       1
                bssCOMMON                            7C       7C        1       70       1
                strings                             48B      48B       40      916       0

TOTAL           Name                               Link     Load   Length     Space
        CLASS   STACK          

        CLASS   CODE           
                end_init                             12       12        3         0
                cinit                                15       15        E         0
                intentry                              4        4        E         0
                reset_vec                             0        0        3         0
                text17                              5AD      5AD       12         0
                text16                              5D9      5D9        C         0
                text15                              56F      56F       2B         0
                text14                              5E5      5E5        B         0
                text13                              507      507       3B         0
                text12                              601      601        8         0
                text11                              5CD      5CD        C         0
                text10                              5F0      5F0        9         0
                text9                               60F      60F        4         0
                text8                               609      609        6         0
                text7                                23       23      2DA         0
                text6                               59A      59A       13         0
                text5                               5BF      5BF        E         0
                text4                               542      542       2D         0
                text3                               445      445       46         0
                text2                               4CB      4CB       3C         0
                text1                               2FD      2FD       EA         0
                maintext                            3E7      3E7       5E         0
                clrtext                             5F9      5F9        8         0

        CLASS   STRCODE        

        CLASS   STRING         
                strings                             48B      48B       40         0

        CLASS   CONST          

        CLASS   ENTRY          

        CLASS   COMMON         
                cstackCOMMON                         70       70        C         1
                bssCOMMON                            7C       7C        1         1

        CLASS   BANK0          
                cstackBANK0                          20       20       4F         1

        CLASS   BANK1          
                bssBANK1                             A0       A0       32         1

        CLASS   BANK2          

        CLASS   BANK3          

        CLASS   RAM            

        CLASS   ABS1           
                abs_s1                               7E       7E        2         1

        CLASS   SFR0           

        CLASS   SFR1           

        CLASS   SFR2           

        CLASS   SFR3           

        CLASS   CONFIG         
                config                             2007     2007        1         4

        CLASS   IDLOC          

        CLASS   EEDATA         



SEGMENTS        Name                           Load    Length   Top    Selector   Space  Class     Delta

                reset_vec                      000000  000003  000003         0       0  CODE        2
                intentry                       000004  000487  00048B         8       0  CODE        2
                cstackBANK0                    000020  00004F  00006F        20       1  BANK0       1
                cstackCOMMON                   000070  00000D  00007D        70       1  COMMON      1
                bssBANK1                       0000A0  000032  0000D2        A0       1  BANK1       1
                strings                        00048B  000040  0004CB       916       0  STRING      2
                text2                          0004CB  000148  000613       996       0  CODE        2


UNUSED ADDRESS RANGES

        Name                Unused          Largest block    Delta
        BANK0            006F-006F              1           1
        BANK1            00D2-00EF             1E           1
        BANK2            0110-016F             60           1
        BANK3            0190-01EF             60           1
        CODE             0003-0003              1           2
                         0613-1FFF            800
        COMMON           007D-007D              1           1
        CONST            0003-0003              1           2
                         0613-1FFF            100
        EEDATA           2100-21FF            100           2
        ENTRY            0003-0003              1           2
                         0613-1FFF            100
        IDLOC            2000-2003              4           2
        RAM              006F-006F              1           1
                         00D2-00EF             1E
                         0110-016F             60
                         0190-01EF             60
        SFR0             0000-001F             20           1
        SFR1             0080-009F             20           1
        SFR2             0100-010F             10           1
        SFR3             0180-018F             10           1
        STACK            0110-016F             60           1
        STRCODE          0003-0003              1           2
                         0613-1FFF           19ED
        STRING           0003-0003              1           2
                         0613-1FFF            100

                                  Symbol Table

?___lwdiv                      cstackBANK0  0020
?___lwmod                      cstackBANK0  0028
?_sprintf                      cstackBANK0  002E
ClearRX_Buffer@i               cstackCOMMON 0071
HandleData@RX                  cstackCOMMON 0075
RX@ReceivedData                cstackCOMMON 007B
ReadDHT11@i                    cstackBANK0  0026
ReadDHT11@u8Buff               cstackBANK0  0027
ReadDHT11@u8Check              cstackBANK0  0025
ReadDHT11@u8TimeOut            cstackBANK0  0028
TMR0_Set_Value@value           cstackBANK0  0020
UART_Transmit@c                cstackBANK0  0020
UART_Transmit_Text@i           cstackBANK0  0024
UART_Transmit_Text@str         cstackBANK0  0021
_CREN                          (abs)        00C4
_ClearRX_Buffer                text17       05AD
_DHT11_Init                    text11       05CD
_HandleData                    text14       05E5
_INTCONbits                    (abs)        000B
_IO_Init                       text10       05F0
_OPTION_REGbits                (abs)        0081
_PORTB                         (abs)        0006
_PORTDbits                     (abs)        0008
_RCIE                          (abs)        0465
_RCIF                          (abs)        0065
_RCREG                         (abs)        001A
_RX                            text13       0507
_RX_Buffer                     bssBANK1     00A0
_ReadDHT11                     text7        0023
_SPBRG                         (abs)        0099
_SPEN                          (abs)        00C7
_TMR0                          (abs)        0001
_TMR0_Config                   text12       0601
_TMR0_Get_Value                text9        060F
_TMR0_Set_Value                text8        0609
_TRISB                         (abs)        0086
_TRISCbits                     (abs)        0087
_TRISDbits                     (abs)        0088
_TRMT                          (abs)        04C1
_TXEN                          (abs)        04C5
_TXREG                         (abs)        0019
_UART_Init                     text6        059A
_UART_Transmit                 text5        05BF
_UART_Transmit_Text            text4        0542
__Habs1                        abs1         0000
__Hbank0                       bank0        0000
__Hbank1                       bank1        0000
__Hbank2                       bank2        0000
__Hbank3                       bank3        0000
__HbssBANK1                    bssBANK1     0000
__HbssCOMMON                   bssCOMMON    0000
__Hcinit                       cinit        0023
__Hclrtext                     clrtext      0000
__Hcode                        code         0000
__Hcommon                      common       0000
__Hconfig                      config       2008
__HcstackBANK0                 cstackBANK0  0000
__HcstackCOMMON                cstackCOMMON 0000
__Heeprom_data                 eeprom_data  0000
__Hend_init                    end_init     0015
__Hfunctab                     functab      0000
__Hinit                        init         0012
__Hintentry                    intentry     0012
__Hmaintext                    maintext     0000
__Hpowerup                     powerup      0000
__Hram                         ram          0000
__Hreset_vec                   reset_vec    0003
__Hsfr0                        sfr0         0000
__Hsfr1                        sfr1         0000
__Hsfr2                        sfr2         0000
__Hsfr3                        sfr3         0000
__Hspace_0                     (abs)        0613
__Hspace_1                     (abs)        00D2
__Hspace_2                     (abs)        0000
__Hspace_3                     (abs)        0000
__Hspace_4                     (abs)        400F
__Hstack                       stack        0000
__Hstrings                     strings      0000
__Htext                        text         0000
__Labs1                        abs1         0000
__Lbank0                       bank0        0000
__Lbank1                       bank1        0000
__Lbank2                       bank2        0000
__Lbank3                       bank3        0000
__LbssBANK1                    bssBANK1     0000
__LbssCOMMON                   bssCOMMON    0000
__Lcinit                       cinit        0015
__Lclrtext                     clrtext      0000
__Lcode                        code         0000
__Lcommon                      common       0000
__Lconfig                      config       0000
__LcstackBANK0                 cstackBANK0  0000
__LcstackCOMMON                cstackCOMMON 0000
__Leeprom_data                 eeprom_data  0000
__Lend_init                    end_init     0012
__Lfunctab                     functab      0000
__Linit                        init         0012
__Lintentry                    intentry     0004
__Lmaintext                    maintext     0000
__Lpowerup                     powerup      0000
__Lram                         ram          0000
__Lreset_vec                   reset_vec    0000
__Lsfr0                        sfr0         0000
__Lsfr1                        sfr1         0000
__Lsfr2                        sfr2         0000
__Lsfr3                        sfr3         0000
__Lspace_0                     (abs)        0000
__Lspace_1                     (abs)        0000
__Lspace_2                     (abs)        0000
__Lspace_3                     (abs)        0000
__Lspace_4                     (abs)        0000
__Lstack                       stack        0000
__Lstrings                     strings      0000
__Ltext                        text         0000
__S0                           (abs)        0613
__S1                           (abs)        00D2
__S2                           (abs)        0000
__S3                           (abs)        0000
___int_sp                      stack        0000
___latbits                     (abs)        0002
___lwdiv                       text3        0445
___lwdiv@counter               cstackBANK0  0027
___lwdiv@dividend              cstackBANK0  0022
___lwdiv@divisor               cstackBANK0  0020
___lwdiv@quotient              cstackBANK0  0025
___lwmod                       text2        04CB
___lwmod@counter               cstackBANK0  002D
___lwmod@dividend              cstackBANK0  002A
___lwmod@divisor               cstackBANK0  0028
___sp                          stack        0000
___stackhi                     (abs)        0000
___stacklo                     (abs)        0000
__end_of_ClearRX_Buffer        text17       05BF
__end_of_DHT11_Init            text11       05D9
__end_of_HandleData            text14       05F0
__end_of_IO_Init               text10       05F9
__end_of_RX                    text13       0542
__end_of_ReadDHT11             text7        02FD
__end_of_TMR0_Config           text12       0609
__end_of_TMR0_Get_Value        text9        0613
__end_of_TMR0_Set_Value        text8        060F
__end_of_UART_Init             text6        05AD
__end_of_UART_Transmit         text5        05CD
__end_of_UART_Transmit_Text    text4        056F
__end_of___lwdiv               text3        048B
__end_of___lwmod               text2        0507
__end_of__initialization       cinit        001F
__end_of__stringtab            strings      049B
__end_of_dpowers               strings      04A5
__end_of_main                  maintext     0445
__end_of_sprintf               text1        03E7
__end_ofi1_UART_Transmit       text16       05E5
__end_ofi1_UART_Transmit_Text  text15       059A
__initialization               cinit        0015
__pbssBANK1                    bssBANK1     00A0
__pbssCOMMON                   bssCOMMON    007C
__pcstackBANK0                 cstackBANK0  0020
__pcstackCOMMON                cstackCOMMON 0070
__pintentry                    intentry     0004
__pmaintext                    maintext     03E7
__pstrings                     strings      048B
__ptext1                       text1        02FD
__ptext10                      text10       05F0
__ptext11                      text11       05CD
__ptext12                      text12       0601
__ptext13                      text13       0507
__ptext14                      text14       05E5
__ptext15                      text15       056F
__ptext16                      text16       05D9
__ptext17                      text17       05AD
__ptext2                       text2        04CB
__ptext3                       text3        0445
__ptext4                       text4        0542
__ptext5                       text5        05BF
__ptext6                       text6        059A
__ptext7                       text7        0023
__ptext8                       text8        0609
__ptext9                       text9        060F
__size_of_ClearRX_Buffer       (abs)        0000
__size_of_DHT11_Init           (abs)        0000
__size_of_HandleData           (abs)        0000
__size_of_IO_Init              (abs)        0000
__size_of_RX                   (abs)        0000
__size_of_ReadDHT11            (abs)        0000
__size_of_TMR0_Config          (abs)        0000
__size_of_TMR0_Get_Value       (abs)        0000
__size_of_TMR0_Set_Value       (abs)        0000
__size_of_UART_Init            (abs)        0000
__size_of_UART_Transmit        (abs)        0000
__size_of_UART_Transmit_Text   (abs)        0000
__size_of___lwdiv              (abs)        0000
__size_of___lwmod              (abs)        0000
__size_of_main                 (abs)        0000
__size_of_sprintf              (abs)        0000
__size_ofi1_UART_Transmit      (abs)        0000
__size_ofi1_UART_Transmit_Text (abs)        0000
__stringbase                   strings      049A
__stringtab                    strings      048B
_dpowers                       strings      049B
_main                          maintext     03E7
_rx_index                      bssCOMMON    007C
_sprintf                       text1        02FD
btemp                          (abs)        007E
clear_ram0                     clrtext      05F9
end_of_initialization          cinit        001F
i1UART_Transmit@c              cstackCOMMON 0070
i1UART_Transmit_Text@i         cstackCOMMON 0074
i1UART_Transmit_Text@str       cstackCOMMON 0071
i1_UART_Transmit               text16       05D9
i1_UART_Transmit_Text          text15       056F
interrupt_function             intentry     0004
intlevel0                      functab      0000
intlevel1                      functab      0000
intlevel2                      functab      0000
intlevel3                      functab      0000
intlevel4                      functab      0000
intlevel5                      functab      0000
main@data                      cstackBANK0  006A
main@text                      cstackBANK0  0042
reset_vec                      reset_vec    0000
saved_w                        (abs)        007E
sprintf@ap                     cstackBANK0  0036
sprintf@c                      cstackBANK0  003C
sprintf@f                      cstackBANK0  002E
sprintf@flag                   cstackBANK0  0037
sprintf@prec                   cstackBANK0  0038
sprintf@sp                     cstackBANK0  003B
sprintf@val                    cstackBANK0  0039
start                          init         0012
start_initialization           cinit        0015
wtemp0                         (abs)        007E


MODULE INFORMATION

Module		Function		Class		Link	Load	Size
newmain.c
		_TMR0_Config   		CODE           	0601	0000	8
		_ReadDHT11     		CODE           	0023	0000	730
		_UART_Init     		CODE           	059A	0000	19
		_main          		CODE           	03E7	0000	94
		_HandleData    		CODE           	05E5	0000	11
		_ClearRX_Buffer		CODE           	05AD	0000	18
		_DHT11_Init    		CODE           	05CD	0000	12
		_UART_Transmit_Text		CODE           	0542	0000	45
		_IO_Init       		CODE           	05F0	0000	9
		_TMR0_Get_Value		CODE           	060F	0000	4
		_RX            		CODE           	0507	0000	59
		_TMR0_Set_Value		CODE           	0609	0000	6
		_UART_Transmit 		CODE           	05BF	0000	14

newmain.c estimated size: 1029

D:\File Install MBLAB IDE\XC8\pic\sources\c90\common\lwmod.c
		___lwmod       		CODE           	04CB	0000	60

D:\File Install MBLAB IDE\XC8\pic\sources\c90\common\lwmod.c estimated size: 60

shared
		__stringtab    		STRING         	048B	0000	16
		_dpowers       		STRING         	049B	0000	10
		__initialization		CODE           	0015	0000	10
		i1_UART_Transmit_Text		CODE           	056F	0000	43
		i1_UART_Transmit		CODE           	05D9	0000	12

shared estimated size: 91

D:\File Install MBLAB IDE\XC8\pic\sources\c90\common\doprnt.c
		_sprintf       		CODE           	02FD	0000	234

D:\File Install MBLAB IDE\XC8\pic\sources\c90\common\doprnt.c estimated size: 234

D:\File Install MBLAB IDE\XC8\pic\sources\c90\common\lwdiv.c
		___lwdiv       		CODE           	0445	0000	70

D:\File Install MBLAB IDE\XC8\pic\sources\c90\common\lwdiv.c estimated size: 70

