Microchip MPLAB XC8 Compiler V2.32

Linker command line:

-W-3 --edf=D:\File Install MBLAB IDE\XC8\pic\dat\en_msgs.txt -cn \
  -h+dist/default/production\SPI_RFID.X.production.sym \
  --cmf=dist/default/production\SPI_RFID.X.production.cmf -z -Q16F877A \
  -oC:\Users\levan\AppData\Local\Temp\xcAsihs.4 --defsym=__MPLAB_BUILD=1 \
  -Mdist/default/production/SPI_RFID.X.production.map -E1 -ver=XC8 Compiler \
  --acfsm=1493 -ASTACK=0110h-016Fh -pstack=STACK -ACODE=00h-07FFhx4 \
  -ASTRCODE=00h-01FFFh -ASTRING=00h-0FFhx32 -ACONST=00h-0FFhx32 \
  -AENTRY=00h-0FFhx32 -ACOMMON=070h-07Fh -ABANK0=020h-06Fh \
  -ABANK1=0A0h-0EFh -ABANK2=0110h-016Fh -ABANK3=0190h-01EFh \
  -ARAM=020h-06Fh,0A0h-0EFh,0110h-016Fh,0190h-01EFh \
  -AABS1=020h-07Fh,0A0h-0EFh,0110h-016Fh,0190h-01EFh -ASFR0=00h-01Fh \
  -ASFR1=080h-09Fh -ASFR2=0100h-010Fh -ASFR3=0180h-018Fh \
  -ACONFIG=02007h-02007h -DCONFIG=2 -AIDLOC=02000h-02003h -DIDLOC=2 \
  -AEEDATA=00h-0FFh/02100h -peeprom_data=EEDATA -DEEDATA=2 -DCODE=2 \
  -DSTRCODE=2 -DSTRING=2 -DCONST=2 -DENTRY=2 \
  -preset_vec=00h,intentry,init,end_init -ppowerup=CODE -pcinit=CODE \
  -pfunctab=ENTRY -k C:\Users\levan\AppData\Local\Temp\xcAsihs.o \
  dist/default/production\SPI_RFID.X.production.o 

Object code version is 3.11

Machine type is 16F877A



                Name                               Link     Load   Length Selector   Space Scale
C:\Users\levan\AppData\Local\Temp\xcAsihs.o
                end_init                              0        0        3        0       0
                config                             2007     2007        1        0       4
dist/default/production\SPI_RFID.X.production.o
                cinit                               7E9      7E9       17      FD2       0
                config                             2007     2007        1        0       4
                text20                              261      261        5      4C2       0
                text19                              26E      26E        9      4DC       0
                text18                              277      277        A      4EE       0
                text17                              30D      30D       1B      61A       0
                text16                              2DC      2DC       17      5B8       0
                text15                              2C8      2C8       14      590       0
                text14                              2A3      2A3       12      546       0
                text13                              65B      65B      18E      CB6       0
                text12                              44A      44A       6A      894       0
                text11                              281      281        B      502       0
                text10                              28C      28C        B      518       0
                text9                               3C2      3C2       44      784       0
                text8                               381      381       41      702       0
                text7                               2F3      2F3       1A      5E6       0
                text6                               2B5      2B5       13      56A       0
                text5                               297      297        C      52E       0
                text4                               328      328       2B      650       0
                text3                               353      353       2E      6A6       0
                text2                               406      406       44      80C       0
                text1                               4B4      4B4       C4      968       0
                maintext                            578      578       E3      AF0       0
                cstackBANK0                          20       20       28       20       1
                cstackCOMMON                         70       70        C       70       1
                cstackBANK1                          A0       A0       32       A0       1
                clrtext                             266      266        8      4CC       0
                bssBANK3                            190      190       32      190       1
                bssBANK1                             D2       D2       16       A0       1
                bssCOMMON                            7C       7C        1       70       1
                strings                               3        3       87        6       0

TOTAL           Name                               Link     Load   Length     Space
        CLASS   STACK          

        CLASS   CODE           
                end_init                              0        0        3         0
                cinit                               7E9      7E9       17         0
                text20                              261      261        5         0
                text19                              26E      26E        9         0
                text18                              277      277        A         0
                text17                              30D      30D       1B         0
                text16                              2DC      2DC       17         0
                text15                              2C8      2C8       14         0
                text14                              2A3      2A3       12         0
                text13                              65B      65B      18E         0
                text12                              44A      44A       6A         0
                text11                              281      281        B         0
                text10                              28C      28C        B         0
                text9                               3C2      3C2       44         0
                text8                               381      381       41         0
                text7                               2F3      2F3       1A         0
                text6                               2B5      2B5       13         0
                text5                               297      297        C         0
                text4                               328      328       2B         0
                text3                               353      353       2E         0
                text2                               406      406       44         0
                text1                               4B4      4B4       C4         0
                maintext                            578      578       E3         0
                clrtext                             266      266        8         0

        CLASS   STRCODE        

        CLASS   STRING         
                strings                               3        3       87         0

        CLASS   CONST          

        CLASS   ENTRY          

        CLASS   COMMON         
                cstackCOMMON                         70       70        C         1
                bssCOMMON                            7C       7C        1         1

        CLASS   BANK0          
                cstackBANK0                          20       20       28         1

        CLASS   BANK1          
                cstackBANK1                          A0       A0       32         1
                bssBANK1                             D2       D2       16         1

        CLASS   BANK2          

        CLASS   BANK3          
                bssBANK3                            190      190       32         1

        CLASS   RAM            

        CLASS   ABS1           
                abs_s1                               7E       7E        2         1

        CLASS   SFR0           

        CLASS   SFR1           

        CLASS   SFR2           

        CLASS   SFR3           

        CLASS   CONFIG         
                config                             2007     2007        1         4

        CLASS   IDLOC          

        CLASS   EEDATA         



SEGMENTS        Name                           Load    Length   Top    Selector   Space  Class     Delta

                reset_vec                      000000  000003  000003         0       0  CODE        2
                strings                        000003  000087  00008A         6       0  STRING      2
                cstackBANK0                    000020  000028  000048        20       1  BANK0       1
                cstackCOMMON                   000070  00000D  00007D        70       1  COMMON      1
                cstackBANK1                    0000A0  000048  0000E8        A0       1  BANK1       1
                bssBANK3                       000190  000032  0001C2       190       1  BANK3       1
                text20                         000261  000005  000266       4C2       0  CODE        2
                clrtext                        000266  000008  00026E       4CC       0  CODE        2
                text19                         00026E  000009  000277       4DC       0  CODE        2
                text18                         000277  00000A  000281       4EE       0  CODE        2
                text11                         000281  00000B  00028C       502       0  CODE        2
                text10                         00028C  00000B  000297       518       0  CODE        2
                text5                          000297  00000C  0002A3       52E       0  CODE        2
                text14                         0002A3  000012  0002B5       546       0  CODE        2
                text6                          0002B5  000013  0002C8       56A       0  CODE        2
                text15                         0002C8  000014  0002DC       590       0  CODE        2
                text16                         0002DC  000017  0002F3       5B8       0  CODE        2
                text7                          0002F3  00001A  00030D       5E6       0  CODE        2
                text17                         00030D  00001B  000328       61A       0  CODE        2
                text4                          000328  00002B  000353       650       0  CODE        2
                text3                          000353  00002E  000381       6A6       0  CODE        2
                text8                          000381  000041  0003C2       702       0  CODE        2
                text9                          0003C2  000044  000406       784       0  CODE        2
                text2                          000406  000044  00044A       80C       0  CODE        2
                text12                         00044A  00006A  0004B4       894       0  CODE        2
                text1                          0004B4  0000C4  000578       968       0  CODE        2
                maintext                       000578  0000E3  00065B       AF0       0  CODE        2
                text13                         00065B  00018E  0007E9       CB6       0  CODE        2
                cinit                          0007E9  000017  000800       FD2       0  CODE        2


UNUSED ADDRESS RANGES

        Name                Unused          Largest block    Delta
        BANK0            0048-006F             28           1
        BANK1            00E8-00EF              8           1
        BANK2            0110-016F             60           1
        BANK3            01C2-01EF             2E           1
        CODE             008A-0260            1D7           2
                         0800-1FFF            800
        COMMON           007D-007D              1           1
        CONST            008A-0260            100           2
                         0800-1FFF            100
        EEDATA           2100-21FF            100           2
        ENTRY            008A-0260            100           2
                         0800-1FFF            100
        IDLOC            2000-2003              4           2
        RAM              0048-006F             28           1
                         00E8-00EF              8
                         0110-016F             60
                         01C2-01EF             2E
        SFR0             0000-001F             20           1
        SFR1             0080-009F             20           1
        SFR2             0100-010F             10           1
        SFR3             0180-018F             10           1
        STACK            0110-016F             60           1
        STRCODE          008A-0260            1D7           2
                         0800-1FFF           1800
        STRING           008A-0260            100           2
                         0800-1FFF            100

                                  Symbol Table

?___lwdiv                    cstackCOMMON 0070
?_sprintf                    cstackBANK0  0020
MFRC522_AntiColl@_status     cstackBANK0  003A
MFRC522_AntiColl@i           cstackBANK0  003B
MFRC522_AntiColl@serNum      cstackBANK0  003C
MFRC522_AntiColl@serNumCheck cstackBANK0  0037
MFRC522_AntiColl@unLen       cstackBANK0  0038
MFRC522_Clear_Bit@addr       cstackCOMMON 007A
MFRC522_Clear_Bit@mask       cstackCOMMON 0077
MFRC522_Rd@addr              cstackCOMMON 0072
MFRC522_Rd@value             cstackCOMMON 0073
MFRC522_Request@TagType      cstackCOMMON 007B
MFRC522_Request@_status      cstackBANK0  0037
MFRC522_Request@backBits     cstackBANK0  0038
MFRC522_Request@reqMode      cstackBANK0  0036
MFRC522_Set_Bit@addr         cstackCOMMON 0079
MFRC522_Set_Bit@mask         cstackCOMMON 0077
MFRC522_ToCard@_status       cstackBANK0  002B
MFRC522_ToCard@backData      cstackBANK0  0022
MFRC522_ToCard@backLen       cstackBANK0  0023
MFRC522_ToCard@command       cstackBANK0  002E
MFRC522_ToCard@i             cstackBANK0  002F
MFRC522_ToCard@irqEn         cstackBANK0  002D
MFRC522_ToCard@lastBits      cstackBANK0  002C
MFRC522_ToCard@n             cstackBANK0  0031
MFRC522_ToCard@sendData      cstackBANK0  0020
MFRC522_ToCard@sendLen       cstackBANK0  0021
MFRC522_ToCard@waitIRq       cstackBANK0  002A
MFRC522_Wr@addr              cstackCOMMON 0076
MFRC522_Wr@value             cstackCOMMON 0074
SPI_Write@Tvalue             cstackCOMMON 0070
UART_Transmit@c              cstackCOMMON 0070
UART_Transmit_Text@i         cstackCOMMON 0074
UART_Transmit_Text@str       cstackCOMMON 0071
_CREN                        (abs)        00C4
_INTCONbits                  (abs)        000B
_IO_Init                     text20       0261
_MFRC522_AntennaOn           text11       0281
_MFRC522_AntiColl            text12       044A
_MFRC522_Clear_Bit           text15       02C8
_MFRC522_Init                text9        03C2
_MFRC522_Rd                  text17       030D
_MFRC522_Request             text8        0381
_MFRC522_Reset               text10       028C
_MFRC522_Set_Bit             text14       02A3
_MFRC522_ToCard              text13       065B
_MFRC522_Wr                  text16       02DC
_PIR1bits                    (abs)        000C
_PORTCbits                   (abs)        0007
_RCIE                        (abs)        0465
_SPBRG                       (abs)        0099
_SPEN                        (abs)        00C7
_SPI_Init                    text7        02F3
_SPI_Read                    text19       026E
_SPI_Write                   text18       0277
_SSPBUF                      (abs)        0013
_SSPCONbits                  (abs)        0014
_SSPSTATbits                 (abs)        0094
_TRISCbits                   (abs)        0087
_TRMT                        (abs)        04C1
_TXEN                        (abs)        04C5
_TXREG                       (abs)        0019
_UART_Init                   text6        02B5
_UART_Transmit               text5        0297
_UART_Transmit_Text          text4        0328
__Habs1                      abs1         0000
__Hbank0                     bank0        0000
__Hbank1                     bank1        0000
__Hbank2                     bank2        0000
__Hbank3                     bank3        0000
__HbssBANK1                  bssBANK1     0000
__HbssBANK3                  bssBANK3     0000
__HbssCOMMON                 bssCOMMON    0000
__Hcinit                     cinit        0800
__Hclrtext                   clrtext      0000
__Hcode                      code         0000
__Hcommon                    common       0000
__Hconfig                    config       2008
__HcstackBANK0               cstackBANK0  0000
__HcstackBANK1               cstackBANK1  0000
__HcstackCOMMON              cstackCOMMON 0000
__Heeprom_data               eeprom_data  0000
__Hend_init                  end_init     0003
__Hfunctab                   functab      0000
__Hinit                      init         0000
__Hintentry                  intentry     0000
__Hmaintext                  maintext     0000
__Hpowerup                   powerup      0000
__Hram                       ram          0000
__Hreset_vec                 reset_vec    0000
__Hsfr0                      sfr0         0000
__Hsfr1                      sfr1         0000
__Hsfr2                      sfr2         0000
__Hsfr3                      sfr3         0000
__Hspace_0                   (abs)        0800
__Hspace_1                   (abs)        01C2
__Hspace_2                   (abs)        0000
__Hspace_3                   (abs)        0000
__Hspace_4                   (abs)        400F
__Hstack                     stack        0000
__Hstrings                   strings      0000
__Htext                      text         0000
__Labs1                      abs1         0000
__Lbank0                     bank0        0000
__Lbank1                     bank1        0000
__Lbank2                     bank2        0000
__Lbank3                     bank3        0000
__LbssBANK1                  bssBANK1     0000
__LbssBANK3                  bssBANK3     0000
__LbssCOMMON                 bssCOMMON    0000
__Lcinit                     cinit        07E9
__Lclrtext                   clrtext      0000
__Lcode                      code         0000
__Lcommon                    common       0000
__Lconfig                    config       0000
__LcstackBANK0               cstackBANK0  0000
__LcstackBANK1               cstackBANK1  0000
__LcstackCOMMON              cstackCOMMON 0000
__Leeprom_data               eeprom_data  0000
__Lend_init                  end_init     0000
__Lfunctab                   functab      0000
__Linit                      init         0000
__Lintentry                  intentry     0000
__Lmaintext                  maintext     0000
__Lpowerup                   powerup      0000
__Lram                       ram          0000
__Lreset_vec                 reset_vec    0000
__Lsfr0                      sfr0         0000
__Lsfr1                      sfr1         0000
__Lsfr2                      sfr2         0000
__Lsfr3                      sfr3         0000
__Lspace_0                   (abs)        0000
__Lspace_1                   (abs)        0000
__Lspace_2                   (abs)        0000
__Lspace_3                   (abs)        0000
__Lspace_4                   (abs)        0000
__Lstack                     stack        0000
__Lstrings                   strings      0000
__Ltext                      text         0000
__S0                         (abs)        0800
__S1                         (abs)        01C2
__S2                         (abs)        0000
__S3                         (abs)        0000
___int_sp                    stack        0000
___latbits                   (abs)        0002
___lwdiv                     text2        0406
___lwdiv@counter             cstackCOMMON 0077
___lwdiv@dividend            cstackCOMMON 0072
___lwdiv@divisor             cstackCOMMON 0070
___lwdiv@quotient            cstackCOMMON 0075
___sp                        stack        0000
___stackhi                   (abs)        0000
___stacklo                   (abs)        0000
__end_of_IO_Init             text20       0266
__end_of_MFRC522_AntennaOn   text11       028C
__end_of_MFRC522_AntiColl    text12       04B4
__end_of_MFRC522_Clear_Bit   text15       02DC
__end_of_MFRC522_Init        text9        0406
__end_of_MFRC522_Rd          text17       0328
__end_of_MFRC522_Request     text8        03C2
__end_of_MFRC522_Reset       text10       0297
__end_of_MFRC522_Set_Bit     text14       02B5
__end_of_MFRC522_ToCard      text13       07E9
__end_of_MFRC522_Wr          text16       02F3
__end_of_SPI_Init            text7        030D
__end_of_SPI_Read            text19       0277
__end_of_SPI_Write           text18       0281
__end_of_UART_Init           text6        02C8
__end_of_UART_Transmit       text5        02A3
__end_of_UART_Transmit_Text  text4        0353
__end_of___lwdiv             text2        044A
__end_of__initialization     cinit        07FC
__end_of__stringtab          strings      0013
__end_of_hexpowers           strings      001B
__end_of_main                maintext     065B
__end_of_memcpy              text3        0381
__end_of_sprintf             text1        0578
__initialization             cinit        07E9
__pbssBANK1                  bssBANK1     00D2
__pbssBANK3                  bssBANK3     0190
__pbssCOMMON                 bssCOMMON    007C
__pcstackBANK0               cstackBANK0  0020
__pcstackBANK1               cstackBANK1  00A0
__pcstackCOMMON              cstackCOMMON 0070
__pmaintext                  maintext     0578
__pstrings                   strings      0003
__ptext1                     text1        04B4
__ptext10                    text10       028C
__ptext11                    text11       0281
__ptext12                    text12       044A
__ptext13                    text13       065B
__ptext14                    text14       02A3
__ptext15                    text15       02C8
__ptext16                    text16       02DC
__ptext17                    text17       030D
__ptext18                    text18       0277
__ptext19                    text19       026E
__ptext2                     text2        0406
__ptext20                    text20       0261
__ptext3                     text3        0353
__ptext4                     text4        0328
__ptext5                     text5        0297
__ptext6                     text6        02B5
__ptext7                     text7        02F3
__ptext8                     text8        0381
__ptext9                     text9        03C2
__size_of_IO_Init            (abs)        0000
__size_of_MFRC522_AntennaOn  (abs)        0000
__size_of_MFRC522_AntiColl   (abs)        0000
__size_of_MFRC522_Clear_Bit  (abs)        0000
__size_of_MFRC522_Init       (abs)        0000
__size_of_MFRC522_Rd         (abs)        0000
__size_of_MFRC522_Request    (abs)        0000
__size_of_MFRC522_Reset      (abs)        0000
__size_of_MFRC522_Set_Bit    (abs)        0000
__size_of_MFRC522_ToCard     (abs)        0000
__size_of_MFRC522_Wr         (abs)        0000
__size_of_SPI_Init           (abs)        0000
__size_of_SPI_Read           (abs)        0000
__size_of_SPI_Write          (abs)        0000
__size_of_UART_Init          (abs)        0000
__size_of_UART_Transmit      (abs)        0000
__size_of_UART_Transmit_Text (abs)        0000
__size_of___lwdiv            (abs)        0000
__size_of_main               (abs)        0000
__size_of_memcpy             (abs)        0000
__size_of_sprintf            (abs)        0000
__stringbase                 strings      0012
__stringtab                  strings      0003
_hexpowers                   strings      0013
_main                        maintext     0578
_memcpy                      text3        0353
_serNum                      bssBANK1     00E3
_sprintf                     text1        04B4
_status                      bssBANK1     00D2
_str                         bssBANK1     00D3
btemp                        (abs)        007E
clear_ram0                   clrtext      0266
end_of_initialization        cinit        07FC
intlevel0                    functab      0000
intlevel1                    functab      0000
intlevel2                    functab      0000
intlevel3                    functab      0000
intlevel4                    functab      0000
intlevel5                    functab      0000
main@tx                      cstackBANK1  00A0
memcpy@d                     cstackCOMMON 0076
memcpy@d1                    cstackCOMMON 0075
memcpy@n                     cstackCOMMON 0071
memcpy@s                     cstackCOMMON 0077
memcpy@s1                    cstackCOMMON 0070
memcpy@tmp                   cstackCOMMON 0074
reset_vec                    reset_vec    0000
sprintf@ap                   cstackBANK0  002C
sprintf@c                    cstackBANK0  0031
sprintf@f                    cstackBANK0  0020
sprintf@idx                  cstackBANK0  002B
sprintf@prec                 cstackBANK0  002F
sprintf@sp                   cstackBANK0  0030
sprintf@val                  cstackBANK0  002D
start                        init         0000
start_initialization         cinit        07E9
wtemp0                       (abs)        007E


MODULE INFORMATION

Module		Function		Class		Link	Load	Size
D:\File Install MBLAB IDE\XC8\pic\sources\c90\common\memcpy.c
		_memcpy        		CODE           	0353	0000	46

D:\File Install MBLAB IDE\XC8\pic\sources\c90\common\memcpy.c estimated size: 46

newmain.c
		_UART_Init     		CODE           	02B5	0000	19
		_main          		CODE           	0578	0000	227
		_UART_Transmit_Text		CODE           	0328	0000	43
		_IO_Init       		CODE           	0261	0000	5
		_UART_Transmit 		CODE           	0297	0000	12

newmain.c estimated size: 306

shared
		__stringtab    		STRING         	0003	0000	16
		__initialization		CODE           	07E9	0000	19
		_hexpowers     		STRING         	0013	0000	8

shared estimated size: 43

./rfid.h
		_MFRC522_Request		CODE           	0381	0000	65
		_SPI_Write     		CODE           	0277	0000	10
		_MFRC522_Rd    		CODE           	030D	0000	27
		_MFRC522_Wr    		CODE           	02DC	0000	23
		_MFRC522_Init  		CODE           	03C2	0000	68
		_MFRC522_AntiColl		CODE           	044A	0000	106
		_MFRC522_Reset 		CODE           	028C	0000	11
		_MFRC522_AntennaOn		CODE           	0281	0000	11
		_SPI_Read      		CODE           	026E	0000	9
		_SPI_Init      		CODE           	02F3	0000	26
		_MFRC522_Clear_Bit		CODE           	02C8	0000	20
		_MFRC522_ToCard		CODE           	065B	0000	398
		_MFRC522_Set_Bit		CODE           	02A3	0000	18

./rfid.h estimated size: 792

D:\File Install MBLAB IDE\XC8\pic\sources\c90\common\doprnt.c
		_sprintf       		CODE           	04B4	0000	196

D:\File Install MBLAB IDE\XC8\pic\sources\c90\common\doprnt.c estimated size: 196

D:\File Install MBLAB IDE\XC8\pic\sources\c90\common\lwdiv.c
		___lwdiv       		CODE           	0406	0000	68

D:\File Install MBLAB IDE\XC8\pic\sources\c90\common\lwdiv.c estimated size: 68

