Microchip MPLAB XC8 Compiler V2.32

Linker command line:

-W-3 --edf=D:\File Install MBLAB IDE\XC8\pic\dat\en_msgs.txt -cn \
  -h+dist/default/production\I2C_LCD.X.production.sym \
  --cmf=dist/default/production\I2C_LCD.X.production.cmf -z -Q16F877A \
  -oC:\Users\levan\AppData\Local\Temp\xcAsd0k.4 --defsym=__MPLAB_BUILD=1 \
  -Mdist/default/production/I2C_LCD.X.production.map -E1 -ver=XC8 Compiler \
  --acfsm=1493 -ASTACK=0110h-016Fh -pstack=STACK -ACODE=00h-07FFhx4 \
  -ASTRCODE=00h-01FFFh -ASTRING=00h-0FFhx32 -ACONST=00h-0FFhx32 \
  -AENTRY=00h-0FFhx32 -ACOMMON=070h-07Fh -ABANK0=020h-06Fh \
  -ABANK1=0A0h-0EFh -ABANK2=0110h-016Fh -ABANK3=0190h-01EFh \
  -ARAM=020h-06Fh,0A0h-0EFh,0110h-016Fh,0190h-01EFh \
  -AABS1=020h-07Fh,0A0h-0EFh,0110h-016Fh,0190h-01EFh -ASFR0=00h-01Fh \
  -ASFR1=080h-09Fh -ASFR2=0100h-010Fh -ASFR3=0180h-018Fh \
  -ACONFIG=02007h-02007h -DCONFIG=2 -AIDLOC=02000h-02003h -DIDLOC=2 \
  -AEEDATA=00h-0FFh/02100h -peeprom_data=EEDATA -DEEDATA=2 -DCODE=2 \
  -DSTRCODE=2 -DSTRING=2 -DCONST=2 -DENTRY=2 \
  -preset_vec=00h,intentry,init,end_init -ppowerup=CODE -pcinit=CODE \
  -pfunctab=ENTRY -k C:\Users\levan\AppData\Local\Temp\xcAsd0k.o \
  dist/default/production\I2C_LCD.X.production.o 

Object code version is 3.11

Machine type is 16F877A



                Name                               Link     Load   Length Selector   Space Scale
C:\Users\levan\AppData\Local\Temp\xcAsd0k.o
                end_init                              0        0        3        0       0
                config                             2007     2007        1        0       4
dist/default/production\I2C_LCD.X.production.o
                cinit                               7ED      7ED       13      FDA       0
                config                             2007     2007        1        0       4
                text17                              556      556       44      AAC       0
                text16                              37D      37D        D      6FA       0
                text15                              38A      38A        D      714       0
                text14                              3BA      3BA       1A      774       0
                text13                              425      425       2A      84A       0
                text12                              4A6      4A6       38      94C       0
                text11                              3A6      3A6       14      74C       0
                text10                              518      518       3E      A30       0
                text9                               44F      44F       2B      89E       0
                text8                               47A      47A       2C      8F4       0
                text7                               3D4      3D4       28      7A8       0
                text6                               3FC      3FC       29      7F8       0
                text5                               397      397        F      72E       0
                text4                               5DE      5DE       8E      BBC       0
                text3                               59A      59A       44      B34       0
                text2                               4DE      4DE       3A      9BC       0
                text1                               705      705       E8      E0A       0
                maintext                            66C      66C       99      CD8       0
                cstackBANK0                          20       20       16       20       1
                cstackCOMMON                         70       70        E       70       1
                dataBANK0                            3F       3F        1       20       1
                bssBANK0                             36       36        9       20       1
                strings                               3        3       3A        6       0
                idataBANK0                          37C      37C        1      6F8       0

TOTAL           Name                               Link     Load   Length     Space
        CLASS   STACK          

        CLASS   CODE           
                end_init                              0        0        3         0
                cinit                               7ED      7ED       13         0
                text17                              556      556       44         0
                text16                              37D      37D        D         0
                text15                              38A      38A        D         0
                text14                              3BA      3BA       1A         0
                text13                              425      425       2A         0
                text12                              4A6      4A6       38         0
                text11                              3A6      3A6       14         0
                text10                              518      518       3E         0
                text9                               44F      44F       2B         0
                text8                               47A      47A       2C         0
                text7                               3D4      3D4       28         0
                text6                               3FC      3FC       29         0
                text5                               397      397        F         0
                text4                               5DE      5DE       8E         0
                text3                               59A      59A       44         0
                text2                               4DE      4DE       3A         0
                text1                               705      705       E8         0
                maintext                            66C      66C       99         0
                idataBANK0                          37C      37C        1         0

        CLASS   STRCODE        

        CLASS   STRING         
                strings                               3        3       3A         0

        CLASS   CONST          

        CLASS   ENTRY          

        CLASS   COMMON         
                cstackCOMMON                         70       70        E         1

        CLASS   BANK0          
                cstackBANK0                          20       20       16         1
                dataBANK0                            3F       3F        1         1
                bssBANK0                             36       36        9         1

        CLASS   BANK1          

        CLASS   BANK2          

        CLASS   BANK3          

        CLASS   RAM            

        CLASS   ABS1           
                abs_s1                               7E       7E        2         1

        CLASS   SFR0           

        CLASS   SFR1           

        CLASS   SFR2           

        CLASS   SFR3           

        CLASS   CONFIG         
                config                             2007     2007        1         4

        CLASS   IDLOC          

        CLASS   EEDATA         



SEGMENTS        Name                           Load    Length   Top    Selector   Space  Class     Delta

                reset_vec                      000000  000003  000003         0       0  CODE        2
                strings                        000003  00003A  00003D         6       0  STRING      2
                cstackBANK0                    000020  000020  000040        20       1  BANK0       1
                cstackCOMMON                   000070  00000E  00007E        70       1  COMMON      1
                idataBANK0                     00037C  000001  00037D       6F8       0  CODE        2
                text16                         00037D  00000D  00038A       6FA       0  CODE        2
                text15                         00038A  00000D  000397       714       0  CODE        2
                text5                          000397  00000F  0003A6       72E       0  CODE        2
                text11                         0003A6  000014  0003BA       74C       0  CODE        2
                text14                         0003BA  00001A  0003D4       774       0  CODE        2
                text7                          0003D4  000028  0003FC       7A8       0  CODE        2
                text6                          0003FC  000029  000425       7F8       0  CODE        2
                text13                         000425  00002A  00044F       84A       0  CODE        2
                text9                          00044F  00002B  00047A       89E       0  CODE        2
                text8                          00047A  00002C  0004A6       8F4       0  CODE        2
                text12                         0004A6  000038  0004DE       94C       0  CODE        2
                text2                          0004DE  00003A  000518       9BC       0  CODE        2
                text10                         000518  00003E  000556       A30       0  CODE        2
                text17                         000556  000044  00059A       AAC       0  CODE        2
                text3                          00059A  000044  0005DE       B34       0  CODE        2
                text4                          0005DE  00008E  00066C       BBC       0  CODE        2
                maintext                       00066C  000099  000705       CD8       0  CODE        2
                text1                          000705  0000E8  0007ED       E0A       0  CODE        2
                cinit                          0007ED  000013  000800       FDA       0  CODE        2


UNUSED ADDRESS RANGES

        Name                Unused          Largest block    Delta
        BANK0            0040-006F             30           1
        BANK1            00A0-00EF             50           1
        BANK2            0110-016F             60           1
        BANK3            0190-01EF             60           1
        CODE             003D-037B            33F           2
                         0800-1FFF            800
        CONST            003D-037B            100           2
                         0800-1FFF            100
        EEDATA           2100-21FF            100           2
        ENTRY            003D-037B            100           2
                         0800-1FFF            100
        IDLOC            2000-2003              4           2
        RAM              0040-006F             30           1
                         00A0-00EF             50
                         0110-016F             60
                         0190-01EF             60
        SFR0             0000-001F             20           1
        SFR1             0080-009F             20           1
        SFR2             0100-010F             10           1
        SFR3             0180-018F             10           1
        STACK            0110-016F             60           1
        STRCODE          003D-037B            33F           2
                         0800-1FFF           1800
        STRING           003D-037B            100           2
                         0800-1FFF            100

                                  Symbol Table

?___lwdiv                      cstackCOMMON 0070
?___lwmod                      cstackCOMMON 0078
?_sprintf                      cstackBANK0  0020
I2C_LCD_BackLight@u8BackLight  cstackCOMMON 007B
I2C_LCD_CursorString@cmd       cstackBANK0  002B
I2C_LCD_CursorString@str       cstackBANK0  0025
I2C_LCD_CursorString@u8col     cstackBANK0  0024
I2C_LCD_CursorString@u8row     cstackBANK0  0028
I2C_LCD_FlushVal@i             cstackCOMMON 007A
I2C_LCD_Init@i                 cstackBANK0  0024
I2C_LCD_WriteCmd@u8Cmd         cstackBANK0  0021
I2C_LCD_WriteData@u8Data       cstackCOMMON 007D
I2C_LCD_Write_Char@c           cstackBANK0  0021
I2C_LCD_Write_String@str       cstackBANK0  0022
I2C_Write@Tvalue               cstackCOMMON 0073
I2C_WriteLCD@i                 cstackCOMMON 0078
I2C_WriteLCD@pu8Data           cstackCOMMON 0074
I2C_WriteLCD@u8Address         cstackCOMMON 0077
I2C_WriteLCD@u8Length          cstackCOMMON 0075
_I2C_Idle                      text17       0556
_I2C_Init                      text5        0397
_I2C_LCD_BackLight             text11       03A6
_I2C_LCD_CursorString          text6        03FC
_I2C_LCD_CursorString$355      cstackBANK0  0029
_I2C_LCD_FlushVal              text12       04A6
_I2C_LCD_Init                  text4        05DE
_I2C_LCD_WriteCmd              text9        044F
_I2C_LCD_WriteData             text10       0518
_I2C_LCD_Write_Char            text8        047A
_I2C_LCD_Write_String          text7        03D4
_I2C_Start                     text16       037D
_I2C_Stop                      text15       038A
_I2C_Write                     text14       03BA
_I2C_WriteLCD                  text13       0425
_LCD                           dataBANK0    003F
_PIR1bits                      (abs)        000C
_PORTDbits                     (abs)        0008
_SSPADD                        (abs)        0093
_SSPBUF                        (abs)        0013
_SSPCON                        (abs)        0014
_SSPCON2                       (abs)        0091
_SSPCON2bits                   (abs)        0091
_SSPCONbits                    (abs)        0014
_SSPSTATbits                   (abs)        0094
_TRISCbits                     (abs)        0087
_TRISDbits                     (abs)        0088
__Habs1                        abs1         0000
__Hbank0                       bank0        0000
__Hbank1                       bank1        0000
__Hbank2                       bank2        0000
__Hbank3                       bank3        0000
__HbssBANK0                    bssBANK0     0000
__Hcinit                       cinit        0800
__Hclrtext                     clrtext      0000
__Hcode                        code         0000
__Hcommon                      common       0000
__Hconfig                      config       2008
__HcstackBANK0                 cstackBANK0  0000
__HcstackCOMMON                cstackCOMMON 0000
__HdataBANK0                   dataBANK0    0000
__Heeprom_data                 eeprom_data  0000
__Hend_init                    end_init     0003
__Hfunctab                     functab      0000
__HidataBANK0                  idataBANK0   0000
__Hinit                        init         0000
__Hintentry                    intentry     0000
__Hmaintext                    maintext     0000
__Hpowerup                     powerup      0000
__Hram                         ram          0000
__Hreset_vec                   reset_vec    0000
__Hsfr0                        sfr0         0000
__Hsfr1                        sfr1         0000
__Hsfr2                        sfr2         0000
__Hsfr3                        sfr3         0000
__Hspace_0                     (abs)        0800
__Hspace_1                     (abs)        007E
__Hspace_2                     (abs)        0000
__Hspace_3                     (abs)        0000
__Hspace_4                     (abs)        400F
__Hstack                       stack        0000
__Hstrings                     strings      0000
__Htext                        text         0000
__Labs1                        abs1         0000
__Lbank0                       bank0        0000
__Lbank1                       bank1        0000
__Lbank2                       bank2        0000
__Lbank3                       bank3        0000
__LbssBANK0                    bssBANK0     0000
__Lcinit                       cinit        07ED
__Lclrtext                     clrtext      0000
__Lcode                        code         0000
__Lcommon                      common       0000
__Lconfig                      config       0000
__LcstackBANK0                 cstackBANK0  0000
__LcstackCOMMON                cstackCOMMON 0000
__LdataBANK0                   dataBANK0    0000
__Leeprom_data                 eeprom_data  0000
__Lend_init                    end_init     0000
__Lfunctab                     functab      0000
__LidataBANK0                  idataBANK0   0000
__Linit                        init         0000
__Lintentry                    intentry     0000
__Lmaintext                    maintext     0000
__Lpowerup                     powerup      0000
__Lram                         ram          0000
__Lreset_vec                   reset_vec    0000
__Lsfr0                        sfr0         0000
__Lsfr1                        sfr1         0000
__Lsfr2                        sfr2         0000
__Lsfr3                        sfr3         0000
__Lspace_0                     (abs)        0000
__Lspace_1                     (abs)        0000
__Lspace_2                     (abs)        0000
__Lspace_3                     (abs)        0000
__Lspace_4                     (abs)        0000
__Lstack                       stack        0000
__Lstrings                     strings      0000
__Ltext                        text         0000
__S0                           (abs)        0800
__S1                           (abs)        007E
__S2                           (abs)        0000
__S3                           (abs)        0000
___int_sp                      stack        0000
___latbits                     (abs)        0002
___lwdiv                       text3        059A
___lwdiv@counter               cstackCOMMON 0077
___lwdiv@dividend              cstackCOMMON 0072
___lwdiv@divisor               cstackCOMMON 0070
___lwdiv@quotient              cstackCOMMON 0075
___lwmod                       text2        04DE
___lwmod@counter               cstackCOMMON 007D
___lwmod@dividend              cstackCOMMON 007A
___lwmod@divisor               cstackCOMMON 0078
___sp                          stack        0000
___stackhi                     (abs)        0000
___stacklo                     (abs)        0000
__end_of_I2C_Idle              text17       059A
__end_of_I2C_Init              text5        03A6
__end_of_I2C_LCD_BackLight     text11       03BA
__end_of_I2C_LCD_CursorString  text6        0425
__end_of_I2C_LCD_FlushVal      text12       04DE
__end_of_I2C_LCD_Init          text4        066C
__end_of_I2C_LCD_WriteCmd      text9        047A
__end_of_I2C_LCD_WriteData     text10       0556
__end_of_I2C_LCD_Write_Char    text8        04A6
__end_of_I2C_LCD_Write_String  text7        03FC
__end_of_I2C_Start             text16       038A
__end_of_I2C_Stop              text15       0397
__end_of_I2C_Write             text14       03D4
__end_of_I2C_WriteLCD          text13       044F
__end_of___lwdiv               text3        05DE
__end_of___lwmod               text2        0518
__end_of__initialization       cinit        07FC
__end_of__stringtab            strings      0013
__end_of_dpowers               strings      001D
__end_of_main                  maintext     0705
__end_of_sprintf               text1        07ED
__initialization               cinit        07ED
__pbssBANK0                    bssBANK0     0036
__pcstackBANK0                 cstackBANK0  0020
__pcstackCOMMON                cstackCOMMON 0070
__pdataBANK0                   dataBANK0    003F
__pidataBANK0                  idataBANK0   037C
__pmaintext                    maintext     066C
__pstrings                     strings      0003
__ptext1                       text1        0705
__ptext10                      text10       0518
__ptext11                      text11       03A6
__ptext12                      text12       04A6
__ptext13                      text13       0425
__ptext14                      text14       03BA
__ptext15                      text15       038A
__ptext16                      text16       037D
__ptext17                      text17       0556
__ptext2                       text2        04DE
__ptext3                       text3        059A
__ptext4                       text4        05DE
__ptext5                       text5        0397
__ptext6                       text6        03FC
__ptext7                       text7        03D4
__ptext8                       text8        047A
__ptext9                       text9        044F
__size_of_I2C_Idle             (abs)        0000
__size_of_I2C_Init             (abs)        0000
__size_of_I2C_LCD_BackLight    (abs)        0000
__size_of_I2C_LCD_CursorString (abs)        0000
__size_of_I2C_LCD_FlushVal     (abs)        0000
__size_of_I2C_LCD_Init         (abs)        0000
__size_of_I2C_LCD_WriteCmd     (abs)        0000
__size_of_I2C_LCD_WriteData    (abs)        0000
__size_of_I2C_LCD_Write_Char   (abs)        0000
__size_of_I2C_LCD_Write_String (abs)        0000
__size_of_I2C_Start            (abs)        0000
__size_of_I2C_Stop             (abs)        0000
__size_of_I2C_Write            (abs)        0000
__size_of_I2C_WriteLCD         (abs)        0000
__size_of___lwdiv              (abs)        0000
__size_of___lwmod              (abs)        0000
__size_of_main                 (abs)        0000
__size_of_sprintf              (abs)        0000
__stringbase                   strings      0012
__stringtab                    strings      0003
_dpowers                       strings      0013
_main                          maintext     066C
_sprintf                       text1        0705
_u8LCD_Buff                    bssBANK0     0036
_u8LcdTmp                      bssBANK0     003E
btemp                          (abs)        007E
end_of_initialization          cinit        07FC
intlevel0                      functab      0000
intlevel1                      functab      0000
intlevel2                      functab      0000
intlevel3                      functab      0000
intlevel4                      functab      0000
intlevel5                      functab      0000
main@counter1                  cstackBANK0  0034
main@dem1                      cstackBANK0  002F
reset_vec                      reset_vec    0000
sprintf@ap                     cstackBANK0  0026
sprintf@c                      cstackBANK0  002C
sprintf@f                      cstackBANK0  0020
sprintf@flag                   cstackBANK0  0027
sprintf@prec                   cstackBANK0  0028
sprintf@sp                     cstackBANK0  002B
sprintf@val                    cstackBANK0  0029
start                          init         0000
start_initialization           cinit        07ED
wtemp0                         (abs)        007E


MODULE INFORMATION

Module		Function		Class		Link	Load	Size
newmain.c
		_I2C_LCD_WriteData		CODE           	0518	0000	62
		_I2C_LCD_Write_String		CODE           	03D4	0000	40
		_I2C_LCD_CursorString		CODE           	03FC	0000	41
		_I2C_LCD_BackLight		CODE           	03A6	0000	20
		_I2C_Idle      		CODE           	0556	0000	68
		_main          		CODE           	066C	0000	153
		_I2C_LCD_Write_Char		CODE           	047A	0000	44
		_I2C_Write     		CODE           	03BA	0000	26
		_I2C_WriteLCD  		CODE           	0425	0000	42
		_I2C_Stop      		CODE           	038A	0000	13
		_I2C_Init      		CODE           	0397	0000	15
		_I2C_Start     		CODE           	037D	0000	13
		_I2C_LCD_WriteCmd		CODE           	044F	0000	43
		_I2C_LCD_Init  		CODE           	05DE	0000	142
		_I2C_LCD_FlushVal		CODE           	04A6	0000	56

newmain.c estimated size: 778

D:\File Install MBLAB IDE\XC8\pic\sources\c90\common\lwmod.c
		___lwmod       		CODE           	04DE	0000	58

D:\File Install MBLAB IDE\XC8\pic\sources\c90\common\lwmod.c estimated size: 58

shared
		__stringtab    		STRING         	0003	0000	16
		_dpowers       		STRING         	0013	0000	10
		__initialization		CODE           	07ED	0000	15

shared estimated size: 41

D:\File Install MBLAB IDE\XC8\pic\sources\c90\common\doprnt.c
		_sprintf       		CODE           	0705	0000	232

D:\File Install MBLAB IDE\XC8\pic\sources\c90\common\doprnt.c estimated size: 232

D:\File Install MBLAB IDE\XC8\pic\sources\c90\common\lwdiv.c
		___lwdiv       		CODE           	059A	0000	68

D:\File Install MBLAB IDE\XC8\pic\sources\c90\common\lwdiv.c estimated size: 68

