Microchip MPLAB XC8 Compiler V2.32

Linker command line:

-W-3 --edf=D:\File Install MBLAB IDE\XC8\pic\dat\en_msgs.txt -cn \
  -h+dist/default/production\I2C_MASTER.X.production.sym \
  --cmf=dist/default/production\I2C_MASTER.X.production.cmf -z -Q16F877A \
  -oC:\Users\levan\AppData\Local\Temp\xcAsbtg.5 --defsym=__MPLAB_BUILD=1 \
  -Mdist/default/production/I2C_MASTER.X.production.map -E1 \
  -ver=XC8 Compiler --acfsm=1493 -ASTACK=0110h-016Fh -pstack=STACK \
  -ACODE=00h-07FFhx4 -ASTRCODE=00h-01FFFh -ASTRING=00h-0FFhx32 \
  -ACONST=00h-0FFhx32 -AENTRY=00h-0FFhx32 -ACOMMON=070h-07Fh \
  -ABANK0=020h-06Fh -ABANK1=0A0h-0EFh -ABANK2=0110h-016Fh \
  -ABANK3=0190h-01EFh -ARAM=020h-06Fh,0A0h-0EFh,0110h-016Fh,0190h-01EFh \
  -AABS1=020h-07Fh,0A0h-0EFh,0110h-016Fh,0190h-01EFh -ASFR0=00h-01Fh \
  -ASFR1=080h-09Fh -ASFR2=0100h-010Fh -ASFR3=0180h-018Fh \
  -ACONFIG=02007h-02007h -DCONFIG=2 -AIDLOC=02000h-02003h -DIDLOC=2 \
  -AEEDATA=00h-0FFh/02100h -peeprom_data=EEDATA -DEEDATA=2 -DCODE=2 \
  -DSTRCODE=2 -DSTRING=2 -DCONST=2 -DENTRY=2 \
  -preset_vec=00h,intentry,init,end_init -ppowerup=CODE -pcinit=CODE \
  -pfunctab=ENTRY -k C:\Users\levan\AppData\Local\Temp\xcAsbtg.o \
  dist/default/production\I2C_MASTER.X.production.o 

Object code version is 3.11

Machine type is 16F877A



                Name                               Link     Load   Length Selector   Space Scale
C:\Users\levan\AppData\Local\Temp\xcAsbtg.o
                end_init                              0        0        3        0       0
                config                             2007     2007        1        0       4
dist/default/production\I2C_MASTER.X.production.o
                cinit                               7EC      7EC       14      FD8       0
                config                             2007     2007        1        0       4
                text10                              58C      58C        F      B18       0
                text9                               600      600       44      C00       0
                text8                               5D4      5D4       2C      BA8       0
                text7                               565      565        D      ACA       0
                text6                               572      572        D      AE4       0
                text5                               57F      57F        D      AFE       0
                text4                               5AE      5AE       26      B5C       0
                text3                               6E4      6E4       67      DC8       0
                text2                               68B      68B       59      D16       0
                text1                               644      644       47      C88       0
                maintext                            74B      74B       A1      E96       0
                cstackBANK0                          2A       2A        4       20       1
                cstackCOMMON                         70       70        D       70       1
                inittext                            59B      59B       13      B36       0
                dataBANK0                            20       20        A       20       1
                bssBANK0                             2E       2E        2       20       1
                idataBANK0                          55B      55B        A      AB6       0

TOTAL           Name                               Link     Load   Length     Space
        CLASS   STACK          

        CLASS   CODE           
                end_init                              0        0        3         0
                cinit                               7EC      7EC       14         0
                text10                              58C      58C        F         0
                text9                               600      600       44         0
                text8                               5D4      5D4       2C         0
                text7                               565      565        D         0
                text6                               572      572        D         0
                text5                               57F      57F        D         0
                text4                               5AE      5AE       26         0
                text3                               6E4      6E4       67         0
                text2                               68B      68B       59         0
                text1                               644      644       47         0
                maintext                            74B      74B       A1         0
                inittext                            59B      59B       13         0
                idataBANK0                          55B      55B        A         0

        CLASS   STRCODE        

        CLASS   STRING         

        CLASS   CONST          

        CLASS   ENTRY          

        CLASS   COMMON         
                cstackCOMMON                         70       70        D         1

        CLASS   BANK0          
                cstackBANK0                          2A       2A        4         1
                dataBANK0                            20       20        A         1
                bssBANK0                             2E       2E        2         1

        CLASS   BANK1          

        CLASS   BANK2          

        CLASS   BANK3          

        CLASS   RAM            

        CLASS   ABS1           
                abs_s1                               7E       7E        2         1

        CLASS   SFR0           

        CLASS   SFR1           

        CLASS   SFR2           

        CLASS   SFR3           

        CLASS   CONFIG         
                config                             2007     2007        1         4

        CLASS   IDLOC          

        CLASS   EEDATA         



SEGMENTS        Name                           Load    Length   Top    Selector   Space  Class     Delta

                reset_vec                      000000  000003  000003         0       0  CODE        2
                dataBANK0                      000020  000010  000030        20       1  BANK0       1
                cstackCOMMON                   000070  00000D  00007D        70       1  COMMON      1
                idataBANK0                     00055B  00000A  000565       AB6       0  CODE        2
                text7                          000565  00000D  000572       ACA       0  CODE        2
                text6                          000572  00000D  00057F       AE4       0  CODE        2
                text5                          00057F  00000D  00058C       AFE       0  CODE        2
                text10                         00058C  00000F  00059B       B18       0  CODE        2
                inittext                       00059B  000013  0005AE       B36       0  CODE        2
                text4                          0005AE  000026  0005D4       B5C       0  CODE        2
                text8                          0005D4  00002C  000600       BA8       0  CODE        2
                text9                          000600  000044  000644       C00       0  CODE        2
                text1                          000644  000047  00068B       C88       0  CODE        2
                text2                          00068B  000059  0006E4       D16       0  CODE        2
                text3                          0006E4  000067  00074B       DC8       0  CODE        2
                maintext                       00074B  0000A1  0007EC       E96       0  CODE        2
                cinit                          0007EC  000014  000800       FD8       0  CODE        2


UNUSED ADDRESS RANGES

        Name                Unused          Largest block    Delta
        BANK0            0030-006F             40           1
        BANK1            00A0-00EF             50           1
        BANK2            0110-016F             60           1
        BANK3            0190-01EF             60           1
        CODE             0003-055A            558           2
                         0800-1FFF            800
        COMMON           007D-007D              1           1
        CONST            0003-055A            100           2
                         0800-1FFF            100
        EEDATA           2100-21FF            100           2
        ENTRY            0003-055A            100           2
                         0800-1FFF            100
        IDLOC            2000-2003              4           2
        RAM              0030-006F             40           1
                         00A0-00EF             50
                         0110-016F             60
                         0190-01EF             60
        SFR0             0000-001F             20           1
        SFR1             0080-009F             20           1
        SFR2             0100-010F             10           1
        SFR3             0180-018F             10           1
        STACK            0110-016F             60           1
        STRCODE          0003-055A            558           2
                         0800-1FFF           1800
        STRING           0003-055A            100           2
                         0800-1FFF            100

                                  Symbol Table

?___awdiv                cstackCOMMON 0070
?___awmod                cstackCOMMON 0070
I2C_Read@ACK             cstackCOMMON 0073
I2C_Read@Rvalue          cstackCOMMON 0075
I2C_Write@Tvalue         cstackCOMMON 0074
I2C_Write@status         cstackCOMMON 0073
Show@Rvalue              cstackCOMMON 0079
_Code7Seg                dataBANK0    0020
_I2C_Idle                text9        0600
_I2C_Init                text10       058C
_I2C_Read                text8        05D4
_I2C_Restart             text7        0565
_I2C_Start               text6        0572
_I2C_Stop                text5        057F
_I2C_Write               text4        05AE
_PIR1bits                (abs)        000C
_PORTB                   (abs)        0006
_PORTDbits               (abs)        0008
_Rvalue                  bssBANK0     002F
_SSPADD                  (abs)        0093
_SSPBUF                  (abs)        0013
_SSPCON                  (abs)        0014
_SSPCON2                 (abs)        0091
_SSPCON2bits             (abs)        0091
_SSPCONbits              (abs)        0014
_SSPSTATbits             (abs)        0094
_Show                    text1        0644
_TRISB                   (abs)        0086
_TRISCbits               (abs)        0087
_TRISDbits               (abs)        0088
_Tvalue                  bssBANK0     002E
__Habs1                  abs1         0000
__Hbank0                 bank0        0000
__Hbank1                 bank1        0000
__Hbank2                 bank2        0000
__Hbank3                 bank3        0000
__HbssBANK0              bssBANK0     0000
__Hcinit                 cinit        0800
__Hclrtext               clrtext      0000
__Hcode                  code         0000
__Hcommon                common       0000
__Hconfig                config       2008
__HcstackBANK0           cstackBANK0  0000
__HcstackCOMMON          cstackCOMMON 0000
__HdataBANK0             dataBANK0    0000
__Heeprom_data           eeprom_data  0000
__Hend_init              end_init     0003
__Hfunctab               functab      0000
__HidataBANK0            idataBANK0   0000
__Hinit                  init         0000
__Hinittext              inittext     0000
__Hintentry              intentry     0000
__Hmaintext              maintext     0000
__Hpowerup               powerup      0000
__Hram                   ram          0000
__Hreset_vec             reset_vec    0000
__Hsfr0                  sfr0         0000
__Hsfr1                  sfr1         0000
__Hsfr2                  sfr2         0000
__Hsfr3                  sfr3         0000
__Hspace_0               (abs)        0800
__Hspace_1               (abs)        007D
__Hspace_2               (abs)        0000
__Hspace_3               (abs)        0000
__Hspace_4               (abs)        400F
__Hstack                 stack        0000
__Hstrings               strings      0000
__Htext                  text         0000
__Labs1                  abs1         0000
__Lbank0                 bank0        0000
__Lbank1                 bank1        0000
__Lbank2                 bank2        0000
__Lbank3                 bank3        0000
__LbssBANK0              bssBANK0     0000
__Lcinit                 cinit        07EC
__Lclrtext               clrtext      0000
__Lcode                  code         0000
__Lcommon                common       0000
__Lconfig                config       0000
__LcstackBANK0           cstackBANK0  0000
__LcstackCOMMON          cstackCOMMON 0000
__LdataBANK0             dataBANK0    0000
__Leeprom_data           eeprom_data  0000
__Lend_init              end_init     0000
__Lfunctab               functab      0000
__LidataBANK0            idataBANK0   0000
__Linit                  init         0000
__Linittext              inittext     0000
__Lintentry              intentry     0000
__Lmaintext              maintext     0000
__Lpowerup               powerup      0000
__Lram                   ram          0000
__Lreset_vec             reset_vec    0000
__Lsfr0                  sfr0         0000
__Lsfr1                  sfr1         0000
__Lsfr2                  sfr2         0000
__Lsfr3                  sfr3         0000
__Lspace_0               (abs)        0000
__Lspace_1               (abs)        0000
__Lspace_2               (abs)        0000
__Lspace_3               (abs)        0000
__Lspace_4               (abs)        0000
__Lstack                 stack        0000
__Lstrings               strings      0000
__Ltext                  text         0000
__S0                     (abs)        0800
__S1                     (abs)        007D
__S2                     (abs)        0000
__S3                     (abs)        0000
___awdiv                 text3        06E4
___awdiv@counter         cstackCOMMON 0075
___awdiv@dividend        cstackCOMMON 0072
___awdiv@divisor         cstackCOMMON 0070
___awdiv@quotient        cstackCOMMON 0077
___awdiv@sign            cstackCOMMON 0076
___awmod                 text2        068B
___awmod@counter         cstackCOMMON 0075
___awmod@dividend        cstackCOMMON 0072
___awmod@divisor         cstackCOMMON 0070
___awmod@sign            cstackCOMMON 0076
___int_sp                stack        0000
___latbits               (abs)        0002
___sp                    stack        0000
___stackhi               (abs)        0000
___stacklo               (abs)        0000
__end_of_I2C_Idle        text9        0644
__end_of_I2C_Init        text10       059B
__end_of_I2C_Read        text8        0600
__end_of_I2C_Restart     text7        0572
__end_of_I2C_Start       text6        057F
__end_of_I2C_Stop        text5        058C
__end_of_I2C_Write       text4        05D4
__end_of_Show            text1        068B
__end_of___awdiv         text3        074B
__end_of___awmod         text2        06E4
__end_of__initialization cinit        07FC
__end_of_main            maintext     07EC
__initialization         cinit        07EC
__pbssBANK0              bssBANK0     002E
__pcstackBANK0           cstackBANK0  002A
__pcstackCOMMON          cstackCOMMON 0070
__pdataBANK0             dataBANK0    0020
__pidataBANK0            idataBANK0   055B
__pmaintext              maintext     074B
__ptext1                 text1        0644
__ptext10                text10       058C
__ptext2                 text2        068B
__ptext3                 text3        06E4
__ptext4                 text4        05AE
__ptext5                 text5        057F
__ptext6                 text6        0572
__ptext7                 text7        0565
__ptext8                 text8        05D4
__ptext9                 text9        0600
__size_of_I2C_Idle       (abs)        0000
__size_of_I2C_Init       (abs)        0000
__size_of_I2C_Read       (abs)        0000
__size_of_I2C_Restart    (abs)        0000
__size_of_I2C_Start      (abs)        0000
__size_of_I2C_Stop       (abs)        0000
__size_of_I2C_Write      (abs)        0000
__size_of_Show           (abs)        0000
__size_of___awdiv        (abs)        0000
__size_of___awmod        (abs)        0000
__size_of_main           (abs)        0000
_main                    maintext     074B
btemp                    (abs)        007E
end_of_initialization    cinit        07FC
init_fetch0              inittext     059B
init_ram0                inittext     059F
intlevel0                functab      0000
intlevel1                functab      0000
intlevel2                functab      0000
intlevel3                functab      0000
intlevel4                functab      0000
intlevel5                functab      0000
main@Status              cstackBANK0  002D
main@k                   cstackBANK0  002C
reset_vec                reset_vec    0000
start                    init         0000
start_initialization     cinit        07EC
wtemp0                   (abs)        007E


MODULE INFORMATION

Module		Function		Class		Link	Load	Size
D:\File Install MBLAB IDE\XC8\pic\sources\c90\common\awdiv.c
		___awdiv       		CODE           	06E4	0000	103

D:\File Install MBLAB IDE\XC8\pic\sources\c90\common\awdiv.c estimated size: 103

newmain.c
		_Show          		CODE           	0644	0000	71
		_I2C_Idle      		CODE           	0600	0000	68
		_main          		CODE           	074B	0000	161
		_I2C_Write     		CODE           	05AE	0000	38
		_I2C_Stop      		CODE           	057F	0000	13
		_I2C_Read      		CODE           	05D4	0000	44
		_I2C_Init      		CODE           	058C	0000	15
		_I2C_Start     		CODE           	0572	0000	13
		_I2C_Restart   		CODE           	0565	0000	13

newmain.c estimated size: 436

shared
		__initialization		CODE           	07EC	0000	16

shared estimated size: 16

D:\File Install MBLAB IDE\XC8\pic\sources\c90\common\awmod.c
		___awmod       		CODE           	068B	0000	89

D:\File Install MBLAB IDE\XC8\pic\sources\c90\common\awmod.c estimated size: 89

