Microchip MPLAB XC8 Compiler V2.32

Linker command line:

-W-3 --edf=D:\File Install MBLAB IDE\XC8\pic\dat\en_msgs.txt -cn \
  -h+dist/default/production\I2C_Soft.X.production.sym \
  --cmf=dist/default/production\I2C_Soft.X.production.cmf -z -Q16F877A \
  -oC:\Users\levan\AppData\Local\Temp\xcAs35c.4 --defsym=__MPLAB_BUILD=1 \
  -Mdist/default/production/I2C_Soft.X.production.map -E1 -ver=XC8 Compiler \
  --acfsm=1493 -ASTACK=0110h-016Fh -pstack=STACK -ACODE=00h-07FFhx4 \
  -ASTRCODE=00h-01FFFh -ASTRING=00h-0FFhx32 -ACONST=00h-0FFhx32 \
  -AENTRY=00h-0FFhx32 -ACOMMON=070h-07Fh -ABANK0=020h-06Fh \
  -ABANK1=0A0h-0EFh -ABANK2=0110h-016Fh -ABANK3=0190h-01EFh \
  -ARAM=020h-06Fh,0A0h-0EFh,0110h-016Fh,0190h-01EFh \
  -AABS1=020h-07Fh,0A0h-0EFh,0110h-016Fh,0190h-01EFh -ASFR0=00h-01Fh \
  -ASFR1=080h-09Fh -ASFR2=0100h-010Fh -ASFR3=0180h-018Fh \
  -ACONFIG=02007h-02007h -DCONFIG=2 -AIDLOC=02000h-02003h -DIDLOC=2 \
  -AEEDATA=00h-0FFh/02100h -peeprom_data=EEDATA -DEEDATA=2 -DCODE=2 \
  -DSTRCODE=2 -DSTRING=2 -DCONST=2 -DENTRY=2 \
  -preset_vec=00h,intentry,init,end_init -ppowerup=CODE -pcinit=CODE \
  -pfunctab=ENTRY -k C:\Users\levan\AppData\Local\Temp\xcAs35c.o \
  dist/default/production\I2C_Soft.X.production.o 

Object code version is 3.11

Machine type is 16F877A



                Name                               Link     Load   Length Selector   Space Scale
C:\Users\levan\AppData\Local\Temp\xcAs35c.o
                end_init                              0        0        3        0       0
                config                             2007     2007        1        0       4
dist/default/production\I2C_Soft.X.production.o
                cinit                               7DE      7DE       22      FBC       0
                config                             2007     2007        1        0       4
                text14                              4F9      4F9        9      9F2       0
                text13                              511      511       18      A22       0
                text12                              529      529       18      A52       0
                text11                              61A      61A       3B      C34       0
                text10                              541      541       18      A82       0
                text9                               559      559       18      AB2       0
                text8                               591      591       2B      B22       0
                text7                               5BC      5BC       2F      B78       0
                text6                               75F      75F       7F      EBE       0
                text5                               6F9      6F9       66      DF2       0
                text4                               571      571       20      AE2       0
                text3                               5EB      5EB       2F      BD6       0
                text2                               502      502        F      A04       0
                text1                               655      655       3F      CAA       0
                maintext                            694      694       65      D28       0
                cstackBANK0                          20       20        B       20       1
                cstackCOMMON                         70       70        E       70       1
                dataBANK0                            2B       2B        5       20       1
                idataBANK0                          4F4      4F4        5      9E8       0

TOTAL           Name                               Link     Load   Length     Space
        CLASS   STACK          

        CLASS   CODE           
                end_init                              0        0        3         0
                cinit                               7DE      7DE       22         0
                text14                              4F9      4F9        9         0
                text13                              511      511       18         0
                text12                              529      529       18         0
                text11                              61A      61A       3B         0
                text10                              541      541       18         0
                text9                               559      559       18         0
                text8                               591      591       2B         0
                text7                               5BC      5BC       2F         0
                text6                               75F      75F       7F         0
                text5                               6F9      6F9       66         0
                text4                               571      571       20         0
                text3                               5EB      5EB       2F         0
                text2                               502      502        F         0
                text1                               655      655       3F         0
                maintext                            694      694       65         0
                idataBANK0                          4F4      4F4        5         0

        CLASS   STRCODE        

        CLASS   STRING         

        CLASS   CONST          

        CLASS   ENTRY          

        CLASS   COMMON         
                cstackCOMMON                         70       70        E         1

        CLASS   BANK0          
                cstackBANK0                          20       20        B         1
                dataBANK0                            2B       2B        5         1

        CLASS   BANK1          

        CLASS   BANK2          

        CLASS   BANK3          

        CLASS   RAM            

        CLASS   ABS1           
                abs_s1                               7E       7E        2         1

        CLASS   SFR0           

        CLASS   SFR1           

        CLASS   SFR2           

        CLASS   SFR3           

        CLASS   CONFIG         
                config                             2007     2007        1         4

        CLASS   IDLOC          

        CLASS   EEDATA         



SEGMENTS        Name                           Load    Length   Top    Selector   Space  Class     Delta

                reset_vec                      000000  000003  000003         0       0  CODE        2
                cstackBANK0                    000020  000010  000030        20       1  BANK0       1
                cstackCOMMON                   000070  00000E  00007E        70       1  COMMON      1
                idataBANK0                     0004F4  000005  0004F9       9E8       0  CODE        2
                text14                         0004F9  000009  000502       9F2       0  CODE        2
                text2                          000502  00000F  000511       A04       0  CODE        2
                text13                         000511  000018  000529       A22       0  CODE        2
                text12                         000529  000018  000541       A52       0  CODE        2
                text10                         000541  000018  000559       A82       0  CODE        2
                text9                          000559  000018  000571       AB2       0  CODE        2
                text4                          000571  000020  000591       AE2       0  CODE        2
                text8                          000591  00002B  0005BC       B22       0  CODE        2
                text7                          0005BC  00002F  0005EB       B78       0  CODE        2
                text3                          0005EB  00002F  00061A       BD6       0  CODE        2
                text11                         00061A  00003B  000655       C34       0  CODE        2
                text1                          000655  00003F  000694       CAA       0  CODE        2
                maintext                       000694  000065  0006F9       D28       0  CODE        2
                text5                          0006F9  000066  00075F       DF2       0  CODE        2
                text6                          00075F  00007F  0007DE       EBE       0  CODE        2
                cinit                          0007DE  000022  000800       FBC       0  CODE        2


UNUSED ADDRESS RANGES

        Name                Unused          Largest block    Delta
        BANK0            0030-006F             40           1
        BANK1            00A0-00EF             50           1
        BANK2            0110-016F             60           1
        BANK3            0190-01EF             60           1
        CODE             0003-04F3            4F1           2
                         0800-1FFF            800
        CONST            0003-04F3            100           2
                         0800-1FFF            100
        EEDATA           2100-21FF            100           2
        ENTRY            0003-04F3            100           2
                         0800-1FFF            100
        IDLOC            2000-2003              4           2
        RAM              0030-006F             40           1
                         00A0-00EF             50
                         0110-016F             60
                         0190-01EF             60
        SFR0             0000-001F             20           1
        SFR1             0080-009F             20           1
        SFR2             0100-010F             10           1
        SFR3             0180-018F             10           1
        STACK            0110-016F             60           1
        STRCODE          0003-04F3            4F1           2
                         0800-1FFF           1800
        STRING           0003-04F3            100           2
                         0800-1FFF            100

                                  Symbol Table

I2C_Read@ACK                   cstackCOMMON 0072
I2C_Read@Rvalue                cstackCOMMON 0073
I2C_Read@i                     cstackCOMMON 0074
I2C_ReadMultiPointer@Rvalue    cstackCOMMON 0077
I2C_ReadMultiPointer@addr      cstackCOMMON 007A
I2C_ReadMultiPointer@len       cstackCOMMON 0076
I2C_ReadMultiPointer@reg       cstackCOMMON 0075
I2C_WaitACK@time               cstackCOMMON 0072
I2C_Write@Tvalue               cstackCOMMON 0072
I2C_Write@i                    cstackCOMMON 0073
I2C_WriteMulti@addr            cstackCOMMON 0079
I2C_WriteMulti@buff            cstackCOMMON 0076
I2C_WriteMulti@i               cstackCOMMON 007A
I2C_WriteMulti@len             cstackCOMMON 0075
I2C_WriteMulti@reg             cstackCOMMON 0074
LCD_Char@c                     cstackCOMMON 0072
LCD_Cmd@cmd                    cstackCOMMON 0072
LCD_Cmd_Init@cmd               cstackCOMMON 0071
_I2C_ACK                       text13       0511
_I2C_Init                      text14       04F9
_I2C_NACK                      text12       0529
_I2C_Read                      text11       061A
_I2C_ReadMultiPointer          text6        075F
_I2C_Start                     text10       0541
_I2C_Stop                      text9        0559
_I2C_WaitACK                   text8        0591
_I2C_Write                     text7        05BC
_I2C_WriteMulti                text5        06F9
_LCD_Char                      text4        0571
_LCD_Cmd                       text3        05EB
_LCD_Cmd_Init                  text2        0502
_LCD_Init                      text1        0655
_PORTB                         (abs)        0006
_PORTBbits                     (abs)        0006
_PORTDbits                     (abs)        0008
_TRISB                         (abs)        0086
_TRISDbits                     (abs)        0088
__Habs1                        abs1         0000
__Hbank0                       bank0        0000
__Hbank1                       bank1        0000
__Hbank2                       bank2        0000
__Hbank3                       bank3        0000
__Hcinit                       cinit        0800
__Hclrtext                     clrtext      0000
__Hcode                        code         0000
__Hcommon                      common       0000
__Hconfig                      config       2008
__HcstackBANK0                 cstackBANK0  0000
__HcstackCOMMON                cstackCOMMON 0000
__HdataBANK0                   dataBANK0    0000
__Heeprom_data                 eeprom_data  0000
__Hend_init                    end_init     0003
__Hfunctab                     functab      0000
__HidataBANK0                  idataBANK0   0000
__Hinit                        init         0000
__Hintentry                    intentry     0000
__Hmaintext                    maintext     0000
__Hpowerup                     powerup      0000
__Hram                         ram          0000
__Hreset_vec                   reset_vec    0000
__Hsfr0                        sfr0         0000
__Hsfr1                        sfr1         0000
__Hsfr2                        sfr2         0000
__Hsfr3                        sfr3         0000
__Hspace_0                     (abs)        0800
__Hspace_1                     (abs)        007E
__Hspace_2                     (abs)        0000
__Hspace_3                     (abs)        0000
__Hspace_4                     (abs)        400F
__Hstack                       stack        0000
__Hstrings                     strings      0000
__Htext                        text         0000
__Labs1                        abs1         0000
__Lbank0                       bank0        0000
__Lbank1                       bank1        0000
__Lbank2                       bank2        0000
__Lbank3                       bank3        0000
__Lcinit                       cinit        07DE
__Lclrtext                     clrtext      0000
__Lcode                        code         0000
__Lcommon                      common       0000
__Lconfig                      config       0000
__LcstackBANK0                 cstackBANK0  0000
__LcstackCOMMON                cstackCOMMON 0000
__LdataBANK0                   dataBANK0    0000
__Leeprom_data                 eeprom_data  0000
__Lend_init                    end_init     0000
__Lfunctab                     functab      0000
__LidataBANK0                  idataBANK0   0000
__Linit                        init         0000
__Lintentry                    intentry     0000
__Lmaintext                    maintext     0000
__Lpowerup                     powerup      0000
__Lram                         ram          0000
__Lreset_vec                   reset_vec    0000
__Lsfr0                        sfr0         0000
__Lsfr1                        sfr1         0000
__Lsfr2                        sfr2         0000
__Lsfr3                        sfr3         0000
__Lspace_0                     (abs)        0000
__Lspace_1                     (abs)        0000
__Lspace_2                     (abs)        0000
__Lspace_3                     (abs)        0000
__Lspace_4                     (abs)        0000
__Lstack                       stack        0000
__Lstrings                     strings      0000
__Ltext                        text         0000
__S0                           (abs)        0800
__S1                           (abs)        007E
__S2                           (abs)        0000
__S3                           (abs)        0000
___int_sp                      stack        0000
___latbits                     (abs)        0002
___sp                          stack        0000
___stackhi                     (abs)        0000
___stacklo                     (abs)        0000
__end_of_I2C_ACK               text13       0529
__end_of_I2C_Init              text14       0502
__end_of_I2C_NACK              text12       0541
__end_of_I2C_Read              text11       0655
__end_of_I2C_ReadMultiPointer  text6        07DE
__end_of_I2C_Start             text10       0559
__end_of_I2C_Stop              text9        0571
__end_of_I2C_WaitACK           text8        05BC
__end_of_I2C_Write             text7        05EB
__end_of_I2C_WriteMulti        text5        075F
__end_of_LCD_Char              text4        0591
__end_of_LCD_Cmd               text3        061A
__end_of_LCD_Cmd_Init          text2        0511
__end_of_LCD_Init              text1        0694
__end_of__initialization       cinit        07FC
__end_of_main                  maintext     06F9
__initialization               cinit        07DE
__pcstackBANK0                 cstackBANK0  0020
__pcstackCOMMON                cstackCOMMON 0070
__pdataBANK0                   dataBANK0    002B
__pidataBANK0                  idataBANK0   04F4
__pmaintext                    maintext     0694
__ptext1                       text1        0655
__ptext10                      text10       0541
__ptext11                      text11       061A
__ptext12                      text12       0529
__ptext13                      text13       0511
__ptext14                      text14       04F9
__ptext2                       text2        0502
__ptext3                       text3        05EB
__ptext4                       text4        0571
__ptext5                       text5        06F9
__ptext6                       text6        075F
__ptext7                       text7        05BC
__ptext8                       text8        0591
__ptext9                       text9        0559
__size_of_I2C_ACK              (abs)        0000
__size_of_I2C_Init             (abs)        0000
__size_of_I2C_NACK             (abs)        0000
__size_of_I2C_Read             (abs)        0000
__size_of_I2C_ReadMultiPointer (abs)        0000
__size_of_I2C_Start            (abs)        0000
__size_of_I2C_Stop             (abs)        0000
__size_of_I2C_WaitACK          (abs)        0000
__size_of_I2C_Write            (abs)        0000
__size_of_I2C_WriteMulti       (abs)        0000
__size_of_LCD_Char             (abs)        0000
__size_of_LCD_Cmd              (abs)        0000
__size_of_LCD_Cmd_Init         (abs)        0000
__size_of_LCD_Init             (abs)        0000
__size_of_main                 (abs)        0000
_main                          maintext     0694
btemp                          (abs)        007E
end_of_initialization          cinit        07FC
intlevel0                      functab      0000
intlevel1                      functab      0000
intlevel2                      functab      0000
intlevel3                      functab      0000
intlevel4                      functab      0000
intlevel5                      functab      0000
main@Data                      cstackBANK0  0020
main@F933                      dataBANK0    002B
main@Rvalue                    cstackBANK0  0025
main@i                         cstackBANK0  002A
reset_vec                      reset_vec    0000
start                          init         0000
start_initialization           cinit        07DE
wtemp0                         (abs)        007E


MODULE INFORMATION

Module		Function		Class		Link	Load	Size
newmain.c
		_LCD_Init      		CODE           	0655	0000	63
		_LCD_Cmd       		CODE           	05EB	0000	47
		_main          		CODE           	0694	0000	101
		_LCD_Cmd_Init  		CODE           	0502	0000	15
		_I2C_Write     		CODE           	05BC	0000	47
		_LCD_Char      		CODE           	0571	0000	32
		_I2C_ReadMultiPointer		CODE           	075F	0000	127
		_I2C_Stop      		CODE           	0559	0000	24
		_I2C_Read      		CODE           	061A	0000	59
		_I2C_WaitACK   		CODE           	0591	0000	43
		_I2C_Init      		CODE           	04F9	0000	9
		_I2C_WriteMulti		CODE           	06F9	0000	102
		_I2C_ACK       		CODE           	0511	0000	24
		_I2C_NACK      		CODE           	0529	0000	24
		_I2C_Start     		CODE           	0541	0000	24

newmain.c estimated size: 741

shared
		__initialization		CODE           	07DE	0000	30

shared estimated size: 30

