Microchip MPLAB XC8 Compiler V2.32

Linker command line:

-W-3 --edf=D:\File Install MBLAB IDE\XC8\pic\dat\en_msgs.txt -cn \
  -h+dist/default/debug\MOTOR_STEP.X.debug.sym \
  --cmf=dist/default/debug\MOTOR_STEP.X.debug.cmf -z -Q16F877A \
  -oC:\Users\levan\AppData\Local\Temp\xcAsn8.4 --defsym=__MPLAB_BUILD=1 \
  -Mdist/default/debug/MOTOR_STEP.X.debug.map -E1 -ver=XC8 Compiler \
  --acfsm=1493 -ASTACK=0110h-016Fh -pstack=STACK \
  -ACODE=00h-07FFhx3,01800h-01EFFh -ASTRCODE=00h-01EFFh \
  -ASTRING=00h-0FFhx31 -ACONST=00h-0FFhx31 -AENTRY=00h-0FFhx31 \
  -ACOMMON=071h-07Fh -ABANK0=020h-06Fh -ABANK1=0A0h-0EFh \
  -ABANK2=0110h-016Fh -ABANK3=0190h-01E4h \
  -ARAM=020h-06Fh,0A0h-0EFh,0110h-016Fh,0190h-01E4h \
  -AABS1=020h-07Fh,0A0h-0EFh,0110h-016Fh,0190h-01EFh -ASFR0=00h-01Fh \
  -ASFR1=080h-09Fh -ASFR2=0100h-010Fh -ASFR3=0180h-018Fh \
  -ACONFIG=02007h-02007h -DCONFIG=2 -AIDLOC=02000h-02003h -DIDLOC=2 \
  -AEEDATA=00h-0FFh/02100h -peeprom_data=EEDATA -DEEDATA=2 -DCODE=2 \
  -DSTRCODE=2 -DSTRING=2 -DCONST=2 -DENTRY=2 \
  -preset_vec=00h,intentry=04h,init,end_init -ppowerup=CODE -pcinit=CODE \
  -pfunctab=ENTRY -k C:\Users\levan\AppData\Local\Temp\xcAsn8.o \
  dist/default/debug\MOTOR_STEP.X.debug.o 

Object code version is 3.11

Machine type is 16F877A



                Name                               Link     Load   Length Selector   Space Scale
C:\Users\levan\AppData\Local\Temp\xcAsn8.o
                end_init                              C        C        3        8       0
                reset_vec                             0        0        4        0       0
                config                             2007     2007        1        0       4
dist/default/debug\MOTOR_STEP.X.debug.o
                cinit                               7E9      7E9       17      FD2       0
                intentry                              4        4        8        8       0
                config                             2007     2007        1        0       4
                text18                              6B4      6B4       4B      D68       0
                text17                              44F      44F       18      89E       0
                text16                              42B      42B        F      856       0
                text15                              5E5      5E5       44      BCA       0
                text14                              411      411        D      822       0
                text13                              41E      41E        D      83C       0
                text12                              467      467       1A      8CE       0
                text11                              481      481       1E      902       0
                text10                              5A3      5A3       42      B46       0
                text9                               49F      49F       2A      93E       0
                text8                               563      563       40      AC6       0
                text7                               405      405        C      80A       0
                text6                               4C9      4C9       2A      992       0
                text5                               66E      66E       46      CDC       0
                text4                               527      527       3C      A4E       0
                text3                               6FF      6FF       EA      DFE       0
                text2                               629      629       45      C52       0
                text1                               43A      43A       15      874       0
                maintext                            4F3      4F3       34      9E6       0
                cstackBANK0                          20       20       16       20       1
                cstackCOMMON                         71       71        9       71       1
                cstackBANK3                         190      190       2A      190       1
                clrtext                             3FD      3FD        8      7FA       0
                bssBANK1                             A0       A0       36       A0       1
                bssBANK0                             36       36       11       20       1
                bssCOMMON                            7A       7A        2       71       1
                strings                               F        F       1E       1E       0

TOTAL           Name                               Link     Load   Length     Space
        CLASS   STACK          

        CLASS   CODE           
                end_init                              C        C        3         0
                cinit                               7E9      7E9       17         0
                intentry                              4        4        8         0
                reset_vec                             0        0        4         0
                text18                              6B4      6B4       4B         0
                text17                              44F      44F       18         0
                text16                              42B      42B        F         0
                text15                              5E5      5E5       44         0
                text14                              411      411        D         0
                text13                              41E      41E        D         0
                text12                              467      467       1A         0
                text11                              481      481       1E         0
                text10                              5A3      5A3       42         0
                text9                               49F      49F       2A         0
                text8                               563      563       40         0
                text7                               405      405        C         0
                text6                               4C9      4C9       2A         0
                text5                               66E      66E       46         0
                text4                               527      527       3C         0
                text3                               6FF      6FF       EA         0
                text2                               629      629       45         0
                text1                               43A      43A       15         0
                maintext                            4F3      4F3       34         0
                clrtext                             3FD      3FD        8         0

        CLASS   STRCODE        

        CLASS   STRING         
                strings                               F        F       1E         0

        CLASS   CONST          

        CLASS   ENTRY          

        CLASS   COMMON         
                cstackCOMMON                         71       71        9         1
                bssCOMMON                            7A       7A        2         1

        CLASS   BANK0          
                cstackBANK0                          20       20       16         1
                bssBANK0                             36       36       11         1

        CLASS   BANK1          
                bssBANK1                             A0       A0       36         1

        CLASS   BANK2          

        CLASS   BANK3          
                cstackBANK3                         190      190       2A         1

        CLASS   RAM            

        CLASS   ABS1           
                abs_s1                               7E       7E        2         1

        CLASS   SFR0           

        CLASS   SFR1           

        CLASS   SFR2           

        CLASS   SFR3           

        CLASS   CONFIG         
                config                             2007     2007        1         4

        CLASS   IDLOC          

        CLASS   EEDATA         



SEGMENTS        Name                           Load    Length   Top    Selector   Space  Class     Delta

                reset_vec                      000000  000004  000004         0       0  CODE        2
                intentry                       000004  00000B  00000F         8       0  CODE        2
                strings                        00000F  00001E  00002D        1E       0  STRING      2
                cstackBANK0                    000020  000027  000047        20       1  BANK0       1
                cstackCOMMON                   000071  00000B  00007C        71       1  COMMON      1
                bssBANK1                       0000A0  000036  0000D6        A0       1  BANK1       1
                cstackBANK3                    000190  00002A  0001BA       190       1  BANK3       1
                clrtext                        0003FD  000008  000405       7FA       0  CODE        2
                text7                          000405  00000C  000411       80A       0  CODE        2
                text14                         000411  00000D  00041E       822       0  CODE        2
                text13                         00041E  00000D  00042B       83C       0  CODE        2
                text16                         00042B  00000F  00043A       856       0  CODE        2
                text1                          00043A  000015  00044F       874       0  CODE        2
                text17                         00044F  000018  000467       89E       0  CODE        2
                text12                         000467  00001A  000481       8CE       0  CODE        2
                text11                         000481  00001E  00049F       902       0  CODE        2
                text9                          00049F  00002A  0004C9       93E       0  CODE        2
                text6                          0004C9  00002A  0004F3       992       0  CODE        2
                maintext                       0004F3  000034  000527       9E6       0  CODE        2
                text4                          000527  00003C  000563       A4E       0  CODE        2
                text8                          000563  000040  0005A3       AC6       0  CODE        2
                text10                         0005A3  000042  0005E5       B46       0  CODE        2
                text15                         0005E5  000044  000629       BCA       0  CODE        2
                text2                          000629  000045  00066E       C52       0  CODE        2
                text5                          00066E  000046  0006B4       CDC       0  CODE        2
                text18                         0006B4  00004B  0006FF       D68       0  CODE        2
                text3                          0006FF  0000EA  0007E9       DFE       0  CODE        2
                cinit                          0007E9  000017  000800       FD2       0  CODE        2


UNUSED ADDRESS RANGES

        Name                Unused          Largest block    Delta
        BANK0            0047-006F             29           1
        BANK1            00D6-00EF             1A           1
        BANK2            0110-016F             60           1
        BANK3            01BA-01E4             2B           1
        CODE             002D-03FC            3D0           2
                         0800-1EFF            800
        COMMON           007C-007D              2           1
        CONST            002D-03FC            100           2
                         0800-1EFF            100
        EEDATA           2100-21FF            100           2
        ENTRY            002D-03FC            100           2
                         0800-1EFF            100
        IDLOC            2000-2003              4           2
        RAM              0047-006F             29           1
                         00D6-00EF             1A
                         0110-016F             60
                         01BA-01E4             2B
        SFR0             0000-001F             20           1
        SFR1             0080-009F             20           1
        SFR2             0100-010F             10           1
        SFR3             0180-018F             10           1
        STACK            0110-016F             60           1
        STRCODE          002D-03FC            3D0           2
                         0800-1EFF           1700
        STRING           002D-03FC            100           2
                         0800-1EFF            100

                                  Symbol Table

?_MPU6050_Read               cstackBANK0  0020
?___lwdiv                    cstackCOMMON 0073
?___lwmod                    cstackBANK0  0023
?_sprintf                    cstackBANK0  0027
I2C_Read@ACK                 cstackCOMMON 0078
I2C_Read@Rvalue              cstackCOMMON 0077
I2C_Write@Tvalue             cstackCOMMON 0076
MPU6050_Read@add             cstackBANK0  0024
MPU6050_Read@retval          cstackBANK0  0025
MPU6050_Readvalue@Ax         cstackBANK3  01B8
MPU6050_Readvalue@buffer     cstackBANK3  0190
MPU6050_Write@add            cstackCOMMON 0078
MPU6050_Write@data           cstackCOMMON 0077
UART_Transmit@c              cstackCOMMON 0073
UART_Transmit_Text@i         cstackCOMMON 0078
UART_Transmit_Text@str       cstackCOMMON 0074
_CREN                        (abs)        00C4
_Count1_timer0               bssCOMMON    007A
_Count2_timer0               bssBANK0     0042
_Count_BOT1                  bssBANK0     003E
_Count_BOT2                  bssBANK0     003A
_Count_TOP1                  bssBANK0     0040
_Count_TOP2                  bssBANK0     003C
_Dir_M1                      bssBANK0     0045
_Dir_M2                      bssBANK0     0044
_I2C_Idle                    text15       05E5
_I2C_Init                    text16       042B
_I2C_Read                    text9        049F
_I2C_Start                   text14       0411
_I2C_Stop                    text13       041E
_I2C_Write                   text12       0467
_INTCONbits                  (abs)        000B
_ISR                         text17       044F
_MPU6050_Init                text10       05A3
_MPU6050_Read                text8        0563
_MPU6050_Readvalue           text2        0629
_MPU6050_Write               text11       0481
_PIE1bits                    (abs)        008C
_PIR1bits                    (abs)        000C
_PORTBbits                   (abs)        0006
_PORTDbits                   (abs)        0008
_PR2                         (abs)        0092
_RCIE                        (abs)        0465
_RCIF                        (abs)        0065
_RCREG                       (abs)        001A
_RX_Buffer                   bssBANK1     00A4
_SPBRG                       (abs)        0099
_SPEN                        (abs)        00C7
_SSPADD                      (abs)        0093
_SSPBUF                      (abs)        0013
_SSPCON                      (abs)        0014
_SSPCON2                     (abs)        0091
_SSPCON2bits                 (abs)        0091
_SSPCONbits                  (abs)        0014
_SSPSTATbits                 (abs)        0094
_Step                        text18       06B4
_T2CONbits                   (abs)        0012
_TMR2                        (abs)        0011
_TRISBbits                   (abs)        0086
_TRISCbits                   (abs)        0087
_TRISDbits                   (abs)        0088
_TRMT                        (abs)        04C1
_TXEN                        (abs)        04C5
_TXREG                       (abs)        0019
_UART_Init                   text1        043A
_UART_Transmit               text7        0405
_UART_Transmit_Text          text6        04C9
__Habs1                      abs1         0000
__Hbank0                     bank0        0000
__Hbank1                     bank1        0000
__Hbank2                     bank2        0000
__Hbank3                     bank3        0000
__HbssBANK0                  bssBANK0     0000
__HbssBANK1                  bssBANK1     0000
__HbssCOMMON                 bssCOMMON    0000
__Hcinit                     cinit        0800
__Hclrtext                   clrtext      0000
__Hcode                      code         0000
__Hcommon                    common       0000
__Hconfig                    config       2008
__HcstackBANK0               cstackBANK0  0000
__HcstackBANK3               cstackBANK3  0000
__HcstackCOMMON              cstackCOMMON 0000
__Heeprom_data               eeprom_data  0000
__Hend_init                  end_init     000F
__Hfunctab                   functab      0000
__Hinit                      init         000C
__Hintentry                  intentry     000C
__Hmaintext                  maintext     0000
__Hpowerup                   powerup      0000
__Hram                       ram          0000
__Hreset_vec                 reset_vec    0004
__Hsfr0                      sfr0         0000
__Hsfr1                      sfr1         0000
__Hsfr2                      sfr2         0000
__Hsfr3                      sfr3         0000
__Hspace_0                   (abs)        0800
__Hspace_1                   (abs)        01BA
__Hspace_2                   (abs)        0000
__Hspace_3                   (abs)        0000
__Hspace_4                   (abs)        400F
__Hstack                     stack        0000
__Hstrings                   strings      0000
__Htext                      text         0000
__Labs1                      abs1         0000
__Lbank0                     bank0        0000
__Lbank1                     bank1        0000
__Lbank2                     bank2        0000
__Lbank3                     bank3        0000
__LbssBANK0                  bssBANK0     0000
__LbssBANK1                  bssBANK1     0000
__LbssCOMMON                 bssCOMMON    0000
__Lcinit                     cinit        07E9
__Lclrtext                   clrtext      0000
__Lcode                      code         0000
__Lcommon                    common       0000
__Lconfig                    config       0000
__LcstackBANK0               cstackBANK0  0000
__LcstackBANK3               cstackBANK3  0000
__LcstackCOMMON              cstackCOMMON 0000
__Leeprom_data               eeprom_data  0000
__Lend_init                  end_init     000C
__Lfunctab                   functab      0000
__Linit                      init         000C
__Lintentry                  intentry     0004
__Lmaintext                  maintext     0000
__Lpowerup                   powerup      0000
__Lram                       ram          0000
__Lreset_vec                 reset_vec    0000
__Lsfr0                      sfr0         0000
__Lsfr1                      sfr1         0000
__Lsfr2                      sfr2         0000
__Lsfr3                      sfr3         0000
__Lspace_0                   (abs)        0000
__Lspace_1                   (abs)        0000
__Lspace_2                   (abs)        0000
__Lspace_3                   (abs)        0000
__Lspace_4                   (abs)        0000
__Lstack                     stack        0000
__Lstrings                   strings      0000
__Ltext                      text         0000
__S0                         (abs)        0800
__S1                         (abs)        01BA
__S2                         (abs)        0000
__S3                         (abs)        0000
___int_sp                    stack        0000
___latbits                   (abs)        0002
___lwdiv                     text5        066E
___lwdiv@counter             cstackBANK0  0020
___lwdiv@dividend            cstackCOMMON 0075
___lwdiv@divisor             cstackCOMMON 0073
___lwdiv@quotient            cstackBANK0  0021
___lwmod                     text4        0527
___lwmod@counter             cstackCOMMON 0079
___lwmod@dividend            cstackBANK0  0025
___lwmod@divisor             cstackBANK0  0023
___sp                        stack        0000
___stackhi                   (abs)        0000
___stacklo                   (abs)        0000
__end_of_I2C_Idle            text15       0629
__end_of_I2C_Init            text16       043A
__end_of_I2C_Read            text9        04C9
__end_of_I2C_Start           text14       041E
__end_of_I2C_Stop            text13       042B
__end_of_I2C_Write           text12       0481
__end_of_ISR                 text17       0467
__end_of_MPU6050_Init        text10       05E5
__end_of_MPU6050_Read        text8        05A3
__end_of_MPU6050_Readvalue   text2        066E
__end_of_MPU6050_Write       text11       049F
__end_of_Step                text18       06FF
__end_of_UART_Init           text1        044F
__end_of_UART_Transmit       text7        0411
__end_of_UART_Transmit_Text  text6        04F3
__end_of___lwdiv             text5        06B4
__end_of___lwmod             text4        0563
__end_of__initialization     cinit        07FC
__end_of__stringtab          strings      0015
__end_of_dpowers             strings      001F
__end_of_main                maintext     0527
__end_of_sprintf             text3        07E9
__initialization             cinit        07E9
__pbssBANK0                  bssBANK0     0036
__pbssBANK1                  bssBANK1     00A0
__pbssCOMMON                 bssCOMMON    007A
__pcstackBANK0               cstackBANK0  0020
__pcstackBANK3               cstackBANK3  0190
__pcstackCOMMON              cstackCOMMON 0071
__pintentry                  intentry     0004
__pmaintext                  maintext     04F3
__pstrings                   strings      000F
__ptext1                     text1        043A
__ptext10                    text10       05A3
__ptext11                    text11       0481
__ptext12                    text12       0467
__ptext13                    text13       041E
__ptext14                    text14       0411
__ptext15                    text15       05E5
__ptext16                    text16       042B
__ptext17                    text17       044F
__ptext18                    text18       06B4
__ptext2                     text2        0629
__ptext3                     text3        06FF
__ptext4                     text4        0527
__ptext5                     text5        066E
__ptext6                     text6        04C9
__ptext7                     text7        0405
__ptext8                     text8        0563
__ptext9                     text9        049F
__size_of_I2C_Idle           (abs)        0000
__size_of_I2C_Init           (abs)        0000
__size_of_I2C_Read           (abs)        0000
__size_of_I2C_Start          (abs)        0000
__size_of_I2C_Stop           (abs)        0000
__size_of_I2C_Write          (abs)        0000
__size_of_ISR                (abs)        0000
__size_of_MPU6050_Init       (abs)        0000
__size_of_MPU6050_Read       (abs)        0000
__size_of_MPU6050_Readvalue  (abs)        0000
__size_of_MPU6050_Write      (abs)        0000
__size_of_Step               (abs)        0000
__size_of_UART_Init          (abs)        0000
__size_of_UART_Transmit      (abs)        0000
__size_of_UART_Transmit_Text (abs)        0000
__size_of___lwdiv            (abs)        0000
__size_of___lwmod            (abs)        0000
__size_of_main               (abs)        0000
__size_of_sprintf            (abs)        0000
__stringbase                 strings      0014
__stringtab                  strings      000F
_dpowers                     strings      0015
_main                        maintext     04F3
_rx_index                    bssBANK0     0046
_sprintf                     text3        06FF
btemp                        (abs)        007E
clear_ram0                   clrtext      03FD
end_of_initialization        cinit        07FC
interrupt_function           intentry     0004
intlevel0                    functab      0000
intlevel1                    functab      0000
intlevel2                    functab      0000
intlevel3                    functab      0000
intlevel4                    functab      0000
intlevel5                    functab      0000
reset_vec                    reset_vec    0000
saved_w                      (abs)        007E
sprintf@ap                   cstackBANK0  002D
sprintf@c                    cstackBANK0  0033
sprintf@f                    cstackBANK0  0027
sprintf@flag                 cstackBANK0  002E
sprintf@prec                 cstackBANK0  002F
sprintf@sp                   cstackBANK0  0032
sprintf@val                  cstackBANK0  0030
start                        init         000C
start_initialization         cinit        07E9
wtemp0                       (abs)        007E


MODULE INFORMATION

Module		Function		Class		Link	Load	Size
MPU6050.c
		_MPU6050_Read  		CODE           	0563	0000	64
		_MPU6050_Init  		CODE           	05A3	0000	66
		_MPU6050_Write 		CODE           	0481	0000	30
		_MPU6050_Readvalue		CODE           	0629	0000	69

MPU6050.c estimated size: 229

UART.c
		_UART_Init     		CODE           	043A	0000	21
		_UART_Transmit_Text		CODE           	04C9	0000	42
		_UART_Transmit 		CODE           	0405	0000	12

UART.c estimated size: 75

I2C.c
		_I2C_Idle      		CODE           	05E5	0000	68
		_I2C_Write     		CODE           	0467	0000	26
		_I2C_Stop      		CODE           	041E	0000	13
		_I2C_Read      		CODE           	049F	0000	42
		_I2C_Init      		CODE           	042B	0000	15
		_I2C_Start     		CODE           	0411	0000	13

I2C.c estimated size: 177

D:\File Install MBLAB IDE\XC8\pic\sources\c90\common\lwmod.c
		___lwmod       		CODE           	0527	0000	60

D:\File Install MBLAB IDE\XC8\pic\sources\c90\common\lwmod.c estimated size: 60

shared
		__stringtab    		STRING         	000F	0000	6
		_dpowers       		STRING         	0015	0000	10
		__initialization		CODE           	07E9	0000	19

shared estimated size: 35

D:\File Install MBLAB IDE\XC8\pic\sources\c90\common\doprnt.c
		_sprintf       		CODE           	06FF	0000	234

D:\File Install MBLAB IDE\XC8\pic\sources\c90\common\doprnt.c estimated size: 234

main.c
		_ISR           		CODE           	044F	0000	24
		_main          		CODE           	04F3	0000	52
		_Step          		CODE           	06B4	0000	75

main.c estimated size: 151

D:\File Install MBLAB IDE\XC8\pic\sources\c90\common\lwdiv.c
		___lwdiv       		CODE           	066E	0000	70

D:\File Install MBLAB IDE\XC8\pic\sources\c90\common\lwdiv.c estimated size: 70

