Microchip MPLAB XC8 Compiler V2.32

Linker command line:

-W-3 --edf=D:\File Install MBLAB IDE\XC8\pic\dat\en_msgs.txt -cn \
  -h+dist/default/production\I2C_SLAVE.X.production.sym \
  --cmf=dist/default/production\I2C_SLAVE.X.production.cmf -z -Q16F877A \
  -oC:\Users\levan\AppData\Local\Temp\xcAse6c.4 --defsym=__MPLAB_BUILD=1 \
  -Mdist/default/production/I2C_SLAVE.X.production.map -E1 \
  -ver=XC8 Compiler --acfsm=1493 -ASTACK=0110h-016Fh -pstack=STACK \
  -ACODE=00h-07FFhx4 -ASTRCODE=00h-01FFFh -ASTRING=00h-0FFhx32 \
  -ACONST=00h-0FFhx32 -AENTRY=00h-0FFhx32 -ACOMMON=070h-07Fh \
  -ABANK0=020h-06Fh -ABANK1=0A0h-0EFh -ABANK2=0110h-016Fh \
  -ABANK3=0190h-01EFh -ARAM=020h-06Fh,0A0h-0EFh,0110h-016Fh,0190h-01EFh \
  -AABS1=020h-07Fh,0A0h-0EFh,0110h-016Fh,0190h-01EFh -ASFR0=00h-01Fh \
  -ASFR1=080h-09Fh -ASFR2=0100h-010Fh -ASFR3=0180h-018Fh \
  -ACONFIG=02007h-02007h -DCONFIG=2 -AIDLOC=02000h-02003h -DIDLOC=2 \
  -AEEDATA=00h-0FFh/02100h -peeprom_data=EEDATA -DEEDATA=2 -DCODE=2 \
  -DSTRCODE=2 -DSTRING=2 -DCONST=2 -DENTRY=2 \
  -preset_vec=00h,intentry=04h,init,end_init -ppowerup=CODE -pcinit=CODE \
  -pfunctab=ENTRY -k C:\Users\levan\AppData\Local\Temp\xcAse6c.o \
  dist/default/production\I2C_SLAVE.X.production.o 

Object code version is 3.11

Machine type is 16F877A



                Name                               Link     Load   Length Selector   Space Scale
C:\Users\levan\AppData\Local\Temp\xcAse6c.o
                end_init                              E        E        3        8       0
                reset_vec                             0        0        3        0       0
                config                             2007     2007        1        0       4
dist/default/production\I2C_SLAVE.X.production.o
                cinit                                11       11       13        8       0
                intentry                              4        4        A        8       0
                config                             2007     2007        1        0       4
                text7                               192      192       24        8       0
                text6                               1E1      1E1        C        8       0
                text5                               166      166       2C        8       0
                text4                               1B6      1B6       18        8       0
                text3                                24       24       69        8       0
                text2                                8D       8D       5B        8       0
                text1                                E8       E8       4D        8       0
                maintext                            135      135       31        8       0
                cstackBANK0                          20       20        B       20       1
                cstackCOMMON                         70       70        9       70       1
                inittext                            1CE      1CE       13        8       0
                dataBANK0                            2B       2B        A       20       1
                bssBANK0                             36       36        1       20       1
                nvBANK0                              35       35        1       20       1
                idataBANK0                          1ED      1ED        A        8       0

TOTAL           Name                               Link     Load   Length     Space
        CLASS   STACK          

        CLASS   CODE           
                end_init                              E        E        3         0
                cinit                                11       11       13         0
                intentry                              4        4        A         0
                reset_vec                             0        0        3         0
                text7                               192      192       24         0
                text6                               1E1      1E1        C         0
                text5                               166      166       2C         0
                text4                               1B6      1B6       18         0
                text3                                24       24       69         0
                text2                                8D       8D       5B         0
                text1                                E8       E8       4D         0
                maintext                            135      135       31         0
                inittext                            1CE      1CE       13         0
                idataBANK0                          1ED      1ED        A         0

        CLASS   STRCODE        

        CLASS   STRING         

        CLASS   CONST          

        CLASS   ENTRY          

        CLASS   COMMON         
                cstackCOMMON                         70       70        9         1

        CLASS   BANK0          
                cstackBANK0                          20       20        B         1
                dataBANK0                            2B       2B        A         1
                bssBANK0                             36       36        1         1
                nvBANK0                              35       35        1         1

        CLASS   BANK1          

        CLASS   BANK2          

        CLASS   BANK3          

        CLASS   RAM            

        CLASS   ABS1           
                abs_s1                               7E       7E        2         1

        CLASS   SFR0           

        CLASS   SFR1           

        CLASS   SFR2           

        CLASS   SFR3           

        CLASS   CONFIG         
                config                             2007     2007        1         4

        CLASS   IDLOC          

        CLASS   EEDATA         



SEGMENTS        Name                           Load    Length   Top    Selector   Space  Class     Delta

                reset_vec                      000000  000003  000003         0       0  CODE        2
                intentry                       000004  0001F3  0001F7         8       0  CODE        2
                cstackBANK0                    000020  000017  000037        20       1  BANK0       1
                cstackCOMMON                   000070  000009  000079        70       1  COMMON      1


UNUSED ADDRESS RANGES

        Name                Unused          Largest block    Delta
        BANK0            0037-006F             39           1
        BANK1            00A0-00EF             50           1
        BANK2            0110-016F             60           1
        BANK3            0190-01EF             60           1
        CODE             0003-0003              1           2
                         01F7-1FFF            800
        COMMON           0079-007D              5           1
        CONST            0003-0003              1           2
                         01F7-1FFF            100
        EEDATA           2100-21FF            100           2
        ENTRY            0003-0003              1           2
                         01F7-1FFF            100
        IDLOC            2000-2003              4           2
        RAM              0037-006F             39           1
                         00A0-00EF             50
                         0110-016F             60
                         0190-01EF             60
        SFR0             0000-001F             20           1
        SFR1             0080-009F             20           1
        SFR2             0100-010F             10           1
        SFR3             0180-018F             10           1
        STACK            0110-016F             60           1
        STRCODE          0003-0003              1           2
                         01F7-1FFF           1E09
        STRING           0003-0003              1           2
                         01F7-1FFF            100

                                  Symbol Table

?___awdiv                cstackCOMMON 0075
?___awmod                cstackCOMMON 0075
I2C_SRead@Rvalue         cstackCOMMON 0071
I2C_SWrite@Tvalue        cstackCOMMON 0070
Show@Rvalue              cstackBANK0  0025
_ADCON1                  (abs)        009F
_Code7Seg                dataBANK0    002B
_I2C_SInit               text4        01B6
_I2C_SRead               text7        0192
_I2C_SWrite              text6        01E1
_INTCONbits              (abs)        000B
_PIE1bits                (abs)        008C
_PIR1bits                (abs)        000C
_PORTA                   (abs)        0005
_PORTB                   (abs)        0006
_PORTDbits               (abs)        0008
_Rvalue                  bssBANK0     0036
_SSPADD                  (abs)        0093
_SSPBUF                  (abs)        0013
_SSPCON                  (abs)        0014
_SSPCON2bits             (abs)        0091
_SSPCONbits              (abs)        0014
_SSPSTAT                 (abs)        0094
_SSPSTATbits             (abs)        0094
_Show                    text1        00E8
_TRISA                   (abs)        0085
_TRISB                   (abs)        0086
_TRISCbits               (abs)        0087
_TRISDbits               (abs)        0088
_Tvalue                  nvBANK0      0035
__Habs1                  abs1         0000
__Hbank0                 bank0        0000
__Hbank1                 bank1        0000
__Hbank2                 bank2        0000
__Hbank3                 bank3        0000
__HbssBANK0              bssBANK0     0000
__Hcinit                 cinit        0024
__Hclrtext               clrtext      0000
__Hcode                  code         0000
__Hcommon                common       0000
__Hconfig                config       2008
__HcstackBANK0           cstackBANK0  0000
__HcstackCOMMON          cstackCOMMON 0000
__HdataBANK0             dataBANK0    0000
__Heeprom_data           eeprom_data  0000
__Hend_init              end_init     0011
__Hfunctab               functab      0000
__HidataBANK0            idataBANK0   0000
__Hinit                  init         000E
__Hinittext              inittext     0000
__Hintentry              intentry     000E
__Hmaintext              maintext     0000
__HnvBANK0               nvBANK0      0000
__Hpowerup               powerup      0000
__Hram                   ram          0000
__Hreset_vec             reset_vec    0003
__Hsfr0                  sfr0         0000
__Hsfr1                  sfr1         0000
__Hsfr2                  sfr2         0000
__Hsfr3                  sfr3         0000
__Hspace_0               (abs)        01F7
__Hspace_1               (abs)        0079
__Hspace_2               (abs)        0000
__Hspace_3               (abs)        0000
__Hspace_4               (abs)        400F
__Hstack                 stack        0000
__Hstrings               strings      0000
__Htext                  text         0000
__Labs1                  abs1         0000
__Lbank0                 bank0        0000
__Lbank1                 bank1        0000
__Lbank2                 bank2        0000
__Lbank3                 bank3        0000
__LbssBANK0              bssBANK0     0000
__Lcinit                 cinit        0011
__Lclrtext               clrtext      0000
__Lcode                  code         0000
__Lcommon                common       0000
__Lconfig                config       0000
__LcstackBANK0           cstackBANK0  0000
__LcstackCOMMON          cstackCOMMON 0000
__LdataBANK0             dataBANK0    0000
__Leeprom_data           eeprom_data  0000
__Lend_init              end_init     000E
__Lfunctab               functab      0000
__LidataBANK0            idataBANK0   0000
__Linit                  init         000E
__Linittext              inittext     0000
__Lintentry              intentry     0004
__Lmaintext              maintext     0000
__LnvBANK0               nvBANK0      0000
__Lpowerup               powerup      0000
__Lram                   ram          0000
__Lreset_vec             reset_vec    0000
__Lsfr0                  sfr0         0000
__Lsfr1                  sfr1         0000
__Lsfr2                  sfr2         0000
__Lsfr3                  sfr3         0000
__Lspace_0               (abs)        0000
__Lspace_1               (abs)        0000
__Lspace_2               (abs)        0000
__Lspace_3               (abs)        0000
__Lspace_4               (abs)        0000
__Lstack                 stack        0000
__Lstrings               strings      0000
__Ltext                  text         0000
__S0                     (abs)        01F7
__S1                     (abs)        0079
__S2                     (abs)        0000
__S3                     (abs)        0000
___awdiv                 text3        0024
___awdiv@counter         cstackBANK0  0021
___awdiv@dividend        cstackCOMMON 0077
___awdiv@divisor         cstackCOMMON 0075
___awdiv@quotient        cstackBANK0  0023
___awdiv@sign            cstackBANK0  0022
___awmod                 text2        008D
___awmod@counter         cstackBANK0  0021
___awmod@dividend        cstackCOMMON 0077
___awmod@divisor         cstackCOMMON 0075
___awmod@sign            cstackBANK0  0022
___int_sp                stack        0000
___latbits               (abs)        0002
___sp                    stack        0000
___stackhi               (abs)        0000
___stacklo               (abs)        0000
__end_of_I2C_SInit       text4        01CE
__end_of_I2C_SRead       text7        01B6
__end_of_I2C_SWrite      text6        01ED
__end_of_Show            text1        0135
__end_of___awdiv         text3        008D
__end_of___awmod         text2        00E8
__end_of__initialization cinit        0020
__end_of_isr1            text5        0192
__end_of_main            maintext     0166
__initialization         cinit        0011
__pbssBANK0              bssBANK0     0036
__pcstackBANK0           cstackBANK0  0020
__pcstackCOMMON          cstackCOMMON 0070
__pdataBANK0             dataBANK0    002B
__pidataBANK0            idataBANK0   01ED
__pintentry              intentry     0004
__pmaintext              maintext     0135
__pnvBANK0               nvBANK0      0035
__ptext1                 text1        00E8
__ptext2                 text2        008D
__ptext3                 text3        0024
__ptext4                 text4        01B6
__ptext5                 text5        0166
__ptext6                 text6        01E1
__ptext7                 text7        0192
__size_of_I2C_SInit      (abs)        0000
__size_of_I2C_SRead      (abs)        0000
__size_of_I2C_SWrite     (abs)        0000
__size_of_Show           (abs)        0000
__size_of___awdiv        (abs)        0000
__size_of___awmod        (abs)        0000
__size_of_isr1           (abs)        0000
__size_of_main           (abs)        0000
_isr1                    text5        0166
_main                    maintext     0135
btemp                    (abs)        007E
end_of_initialization    cinit        0020
init_fetch0              inittext     01CE
init_ram0                inittext     01D2
interrupt_function       intentry     0004
intlevel0                functab      0000
intlevel1                functab      0000
intlevel2                functab      0000
intlevel3                functab      0000
intlevel4                functab      0000
intlevel5                functab      0000
reset_vec                reset_vec    0000
saved_w                  (abs)        007E
start                    init         000E
start_initialization     cinit        0011
wtemp0                   (abs)        007E


MODULE INFORMATION

Module		Function		Class		Link	Load	Size
D:\File Install MBLAB IDE\XC8\pic\sources\c90\common\awdiv.c
		___awdiv       		CODE           	0024	0000	105

D:\File Install MBLAB IDE\XC8\pic\sources\c90\common\awdiv.c estimated size: 105

newmain.c
		_I2C_SInit     		CODE           	01B6	0000	24
		_Show          		CODE           	00E8	0000	77
		_main          		CODE           	0135	0000	49
		_I2C_SWrite    		CODE           	01E1	0000	12
		_isr1          		CODE           	0166	0000	44
		_I2C_SRead     		CODE           	0192	0000	36

newmain.c estimated size: 242

shared
		__initialization		CODE           	0011	0000	15

shared estimated size: 15

D:\File Install MBLAB IDE\XC8\pic\sources\c90\common\awmod.c
		___awmod       		CODE           	008D	0000	91

D:\File Install MBLAB IDE\XC8\pic\sources\c90\common\awmod.c estimated size: 91

