Microchip MPLAB XC8 Compiler V2.32

Linker command line:

-W-3 --edf=D:\File Install MBLAB IDE\XC8\pic\dat\en_msgs.txt -cn \
  -h+dist/default/production\LCD16x2.X.production.sym \
  --cmf=dist/default/production\LCD16x2.X.production.cmf -z -Q16F877A \
  -oC:\Users\levan\AppData\Local\Temp\xcAshq0.4 --defsym=__MPLAB_BUILD=1 \
  -Mdist/default/production/LCD16x2.X.production.map -E1 -ver=XC8 Compiler \
  --acfsm=1493 -ASTACK=0110h-016Fh -pstack=STACK -ACODE=00h-07FFhx4 \
  -ASTRCODE=00h-01FFFh -ASTRING=00h-0FFhx32 -ACONST=00h-0FFhx32 \
  -AENTRY=00h-0FFhx32 -ACOMMON=070h-07Fh -ABANK0=020h-06Fh \
  -ABANK1=0A0h-0EFh -ABANK2=0110h-016Fh -ABANK3=0190h-01EFh \
  -ARAM=020h-06Fh,0A0h-0EFh,0110h-016Fh,0190h-01EFh \
  -AABS1=020h-07Fh,0A0h-0EFh,0110h-016Fh,0190h-01EFh -ASFR0=00h-01Fh \
  -ASFR1=080h-09Fh -ASFR2=0100h-010Fh -ASFR3=0180h-018Fh \
  -ACONFIG=02007h-02007h -DCONFIG=2 -AIDLOC=02000h-02003h -DIDLOC=2 \
  -AEEDATA=00h-0FFh/02100h -peeprom_data=EEDATA -DEEDATA=2 -DCODE=2 \
  -DSTRCODE=2 -DSTRING=2 -DCONST=2 -DENTRY=2 \
  -preset_vec=00h,intentry,init,end_init -ppowerup=CODE -pcinit=CODE \
  -pfunctab=ENTRY -k C:\Users\levan\AppData\Local\Temp\xcAshq0.o \
  dist/default/production\LCD16x2.X.production.o 

Object code version is 3.11

Machine type is 16F877A



                Name                               Link     Load   Length Selector   Space Scale
C:\Users\levan\AppData\Local\Temp\xcAshq0.o
                end_init                              0        0        3        0       0
                config                             2007     2007        1        0       4
dist/default/production\LCD16x2.X.production.o
                cinit                               7FC      7FC        4      FF8       0
                config                             2007     2007        1        0       4
                text6                               787      787       2F      F0E       0
                text5                               72A      72A       1C      E54       0
                text4                               701      701       12      E02       0
                text3                               7B6      7B6       46      F6C       0
                text2                               746      746       1F      E8C       0
                text1                               765      765       22      ECA       0
                maintext                            713      713       17      E26       0
                cstackCOMMON                         70       70        9       70       1
                strings                               3        3       11        6       0

TOTAL           Name                               Link     Load   Length     Space
        CLASS   STACK          

        CLASS   CODE           
                end_init                              0        0        3         0
                cinit                               7FC      7FC        4         0
                text6                               787      787       2F         0
                text5                               72A      72A       1C         0
                text4                               701      701       12         0
                text3                               7B6      7B6       46         0
                text2                               746      746       1F         0
                text1                               765      765       22         0
                maintext                            713      713       17         0

        CLASS   STRCODE        

        CLASS   STRING         
                strings                               3        3       11         0

        CLASS   CONST          

        CLASS   ENTRY          

        CLASS   COMMON         
                cstackCOMMON                         70       70        9         1

        CLASS   BANK0          

        CLASS   BANK1          

        CLASS   BANK2          

        CLASS   BANK3          

        CLASS   RAM            

        CLASS   ABS1           
                abs_s1                               7E       7E        2         1

        CLASS   SFR0           

        CLASS   SFR1           

        CLASS   SFR2           

        CLASS   SFR3           

        CLASS   CONFIG         
                config                             2007     2007        1         4

        CLASS   IDLOC          

        CLASS   EEDATA         



SEGMENTS        Name                           Load    Length   Top    Selector   Space  Class     Delta

                reset_vec                      000000  000003  000003         0       0  CODE        2
                strings                        000003  000011  000014         6       0  STRING      2
                cstackCOMMON                   000070  000009  000079        70       1  COMMON      1
                text4                          000701  000012  000713       E02       0  CODE        2
                maintext                       000713  000017  00072A       E26       0  CODE        2
                text5                          00072A  00001C  000746       E54       0  CODE        2
                text2                          000746  00001F  000765       E8C       0  CODE        2
                text1                          000765  000022  000787       ECA       0  CODE        2
                text6                          000787  00002F  0007B6       F0E       0  CODE        2
                text3                          0007B6  000046  0007FC       F6C       0  CODE        2
                cinit                          0007FC  000004  000800       FF8       0  CODE        2


UNUSED ADDRESS RANGES

        Name                Unused          Largest block    Delta
        BANK0            0020-006F             50           1
        BANK1            00A0-00EF             50           1
        BANK2            0110-016F             60           1
        BANK3            0190-01EF             60           1
        CODE             0014-0700            6ED           2
                         0800-1FFF            800
        COMMON           0079-007D              5           1
        CONST            0014-0700            100           2
                         0800-1FFF            100
        EEDATA           2100-21FF            100           2
        ENTRY            0014-0700            100           2
                         0800-1FFF            100
        IDLOC            2000-2003              4           2
        RAM              0020-006F             50           1
                         00A0-00EF             50
                         0110-016F             60
                         0190-01EF             60
        SFR0             0000-001F             20           1
        SFR1             0080-009F             20           1
        SFR2             0100-010F             10           1
        SFR3             0180-018F             10           1
        STACK            0110-016F             60           1
        STRCODE          0014-0700            6ED           2
                         0800-1FFF           1800
        STRING           0014-0700            100           2
                         0800-1FFF            100

                                  Symbol Table

LCD_Char@c               cstackCOMMON 0072
LCD_Cmd@cmd              cstackCOMMON 0072
LCD_Cmd_Init@cmd         cstackCOMMON 0072
LCD_GotoCursor@cmd       cstackCOMMON 0078
LCD_GotoCursor@col       cstackCOMMON 0073
LCD_GotoCursor@row       cstackCOMMON 0075
LCD_String@i             cstackCOMMON 0074
LCD_String@str           cstackCOMMON 0075
_LCD_Char                text2        0746
_LCD_Cmd                 text6        0787
_LCD_Cmd_Init            text4        0701
_LCD_GotoCursor          text5        072A
_LCD_GotoCursor$105      cstackCOMMON 0076
_LCD_Init                text3        07B6
_LCD_String              text1        0765
_PORTBbits               (abs)        0006
_PORTC                   (abs)        0007
_TRISBbits               (abs)        0086
_TRISC                   (abs)        0087
__Habs1                  abs1         0000
__Hbank0                 bank0        0000
__Hbank1                 bank1        0000
__Hbank2                 bank2        0000
__Hbank3                 bank3        0000
__Hcinit                 cinit        0800
__Hclrtext               clrtext      0000
__Hcode                  code         0000
__Hcommon                common       0000
__Hconfig                config       2008
__HcstackCOMMON          cstackCOMMON 0000
__Heeprom_data           eeprom_data  0000
__Hend_init              end_init     0003
__Hfunctab               functab      0000
__Hinit                  init         0000
__Hintentry              intentry     0000
__Hmaintext              maintext     0000
__Hpowerup               powerup      0000
__Hram                   ram          0000
__Hreset_vec             reset_vec    0000
__Hsfr0                  sfr0         0000
__Hsfr1                  sfr1         0000
__Hsfr2                  sfr2         0000
__Hsfr3                  sfr3         0000
__Hspace_0               (abs)        0800
__Hspace_1               (abs)        0079
__Hspace_2               (abs)        0000
__Hspace_3               (abs)        0000
__Hspace_4               (abs)        400F
__Hstack                 stack        0000
__Hstrings               strings      0000
__Htext                  text         0000
__Labs1                  abs1         0000
__Lbank0                 bank0        0000
__Lbank1                 bank1        0000
__Lbank2                 bank2        0000
__Lbank3                 bank3        0000
__Lcinit                 cinit        07FC
__Lclrtext               clrtext      0000
__Lcode                  code         0000
__Lcommon                common       0000
__Lconfig                config       0000
__LcstackCOMMON          cstackCOMMON 0000
__Leeprom_data           eeprom_data  0000
__Lend_init              end_init     0000
__Lfunctab               functab      0000
__Linit                  init         0000
__Lintentry              intentry     0000
__Lmaintext              maintext     0000
__Lpowerup               powerup      0000
__Lram                   ram          0000
__Lreset_vec             reset_vec    0000
__Lsfr0                  sfr0         0000
__Lsfr1                  sfr1         0000
__Lsfr2                  sfr2         0000
__Lsfr3                  sfr3         0000
__Lspace_0               (abs)        0000
__Lspace_1               (abs)        0000
__Lspace_2               (abs)        0000
__Lspace_3               (abs)        0000
__Lspace_4               (abs)        0000
__Lstack                 stack        0000
__Lstrings               strings      0000
__Ltext                  text         0000
__S0                     (abs)        0800
__S1                     (abs)        0079
__S2                     (abs)        0000
__S3                     (abs)        0000
___int_sp                stack        0000
___latbits               (abs)        0002
___sp                    stack        0000
___stackhi               (abs)        0000
___stacklo               (abs)        0000
__end_of_LCD_Char        text2        0765
__end_of_LCD_Cmd         text6        07B6
__end_of_LCD_Cmd_Init    text4        0713
__end_of_LCD_GotoCursor  text5        0746
__end_of_LCD_Init        text3        07FC
__end_of_LCD_String      text1        0787
__end_of__initialization cinit        07FC
__end_of__stringtab      strings      0009
__end_of_main            maintext     072A
__initialization         cinit        07FC
__pcstackCOMMON          cstackCOMMON 0070
__pmaintext              maintext     0713
__pstrings               strings      0003
__ptext1                 text1        0765
__ptext2                 text2        0746
__ptext3                 text3        07B6
__ptext4                 text4        0701
__ptext5                 text5        072A
__ptext6                 text6        0787
__size_of_LCD_Char       (abs)        0000
__size_of_LCD_Cmd        (abs)        0000
__size_of_LCD_Cmd_Init   (abs)        0000
__size_of_LCD_GotoCursor (abs)        0000
__size_of_LCD_Init       (abs)        0000
__size_of_LCD_String     (abs)        0000
__size_of_main           (abs)        0000
__stringbase             strings      0008
__stringtab              strings      0003
_main                    maintext     0713
btemp                    (abs)        007E
end_of_initialization    cinit        07FC
intlevel0                functab      0000
intlevel1                functab      0000
intlevel2                functab      0000
intlevel3                functab      0000
intlevel4                functab      0000
intlevel5                functab      0000
reset_vec                reset_vec    0000
start                    init         0000
start_initialization     cinit        07FC
wtemp0                   (abs)        007E


MODULE INFORMATION

Module		Function		Class		Link	Load	Size
shared
		__stringtab    		STRING         	0003	0000	6
		__initialization		CODE           	07FC	0000	1

shared estimated size: 7

main.c
		_LCD_String    		CODE           	0765	0000	34
		_LCD_Init      		CODE           	07B6	0000	70
		_LCD_Cmd       		CODE           	0787	0000	47
		_main          		CODE           	0713	0000	23
		_LCD_Cmd_Init  		CODE           	0701	0000	18
		_LCD_Char      		CODE           	0746	0000	31
		_LCD_GotoCursor		CODE           	072A	0000	28

main.c estimated size: 251

