Microchip MPLAB XC8 Compiler V2.32

Linker command line:

-W-3 --edf=D:\File Install MBLAB IDE\XC8\pic\dat\en_msgs.txt -cn \
  -h+dist/default/production\MOTOR_STEP.X.production.sym \
  --cmf=dist/default/production\MOTOR_STEP.X.production.cmf -z -Q16F877A \
  -oC:\Users\levan\AppData\Local\Temp\xcAsfok.4 --defsym=__MPLAB_BUILD=1 \
  -Mdist/default/production/MOTOR_STEP.X.production.map -E1 \
  -ver=XC8 Compiler --acfsm=1493 -ASTACK=0110h-016Fh -pstack=STACK \
  -ACODE=00h-07FFhx4 -ASTRCODE=00h-01FFFh -ASTRING=00h-0FFhx32 \
  -ACONST=00h-0FFhx32 -AENTRY=00h-0FFhx32 -ACOMMON=070h-07Fh \
  -ABANK0=020h-06Fh -ABANK1=0A0h-0EFh -ABANK2=0110h-016Fh \
  -ABANK3=0190h-01EFh -ARAM=020h-06Fh,0A0h-0EFh,0110h-016Fh,0190h-01EFh \
  -AABS1=020h-07Fh,0A0h-0EFh,0110h-016Fh,0190h-01EFh -ASFR0=00h-01Fh \
  -ASFR1=080h-09Fh -ASFR2=0100h-010Fh -ASFR3=0180h-018Fh \
  -ACONFIG=02007h-02007h -DCONFIG=2 -AIDLOC=02000h-02003h -DIDLOC=2 \
  -AEEDATA=00h-0FFh/02100h -peeprom_data=EEDATA -DEEDATA=2 -DCODE=2 \
  -DSTRCODE=2 -DSTRING=2 -DCONST=2 -DENTRY=2 \
  -preset_vec=00h,intentry=04h,init,end_init -ppowerup=CODE -pcinit=CODE \
  -pfunctab=ENTRY -k C:\Users\levan\AppData\Local\Temp\xcAsfok.o \
  dist/default/production\MOTOR_STEP.X.production.o 

Object code version is 3.11

Machine type is 16F877A



                Name                               Link     Load   Length Selector   Space Scale
C:\Users\levan\AppData\Local\Temp\xcAsfok.o
                end_init                              C        C        3        8       0
                reset_vec                             0        0        3        0       0
                config                             2007     2007        1        0       4
dist/default/production\MOTOR_STEP.X.production.o
                cinit                                 F        F       17        8       0
                intentry                              4        4        8        8       0
                config                             2007     2007        1        0       4
                text21                              270      270       4B        8       0
                text20                              4D3      4D3       18      8FA       0
                text19                              4FE      4FE        F      8FA       0
                text18                              2FF      2FF       44        8       0
                text17                              51A      51A        D      8FA       0
                text16                              50D      50D        D      8FA       0
                text15                              4B9      4B9       1A      8FA       0
                text14                              49B      49B       1E      8FA       0
                text13                              343      343       42        8       0
                text12                              435      435       2A        8       0
                text11                              385      385       40        8       0
                text10                              527      527        C      8FA       0
                text9                               47D      47D       1E      8FA       0
                text8                               2BB      2BB       44        8       0
                text7                               3C5      3C5       3C        8       0
                text6                                26       26       EA        8       0
                text5                               401      401       34        8       0
                text4                               110      110       69        8       0
                text3                               1D3      1D3       52        8       0
                text2                               179      179       5A        8       0
                text1                               4EB      4EB       13      8FA       0
                maintext                            225      225       4B        8       0
                cstackBANK0                          20       20       3F       20       1
                cstackCOMMON                         70       70        A       70       1
                clrtext                             533      533        8      8FA       0
                bssBANK1                             A0       A0       36       A0       1
                bssBANK0                             5F       5F       11       20       1
                bssCOMMON                            7A       7A        2       70       1
                strings                             45F      45F       1E      8BE       0

TOTAL           Name                               Link     Load   Length     Space
        CLASS   STACK          

        CLASS   CODE           
                end_init                              C        C        3         0
                cinit                                 F        F       17         0
                intentry                              4        4        8         0
                reset_vec                             0        0        3         0
                text21                              270      270       4B         0
                text20                              4D3      4D3       18         0
                text19                              4FE      4FE        F         0
                text18                              2FF      2FF       44         0
                text17                              51A      51A        D         0
                text16                              50D      50D        D         0
                text15                              4B9      4B9       1A         0
                text14                              49B      49B       1E         0
                text13                              343      343       42         0
                text12                              435      435       2A         0
                text11                              385      385       40         0
                text10                              527      527        C         0
                text9                               47D      47D       1E         0
                text8                               2BB      2BB       44         0
                text7                               3C5      3C5       3C         0
                text6                                26       26       EA         0
                text5                               401      401       34         0
                text4                               110      110       69         0
                text3                               1D3      1D3       52         0
                text2                               179      179       5A         0
                text1                               4EB      4EB       13         0
                maintext                            225      225       4B         0
                clrtext                             533      533        8         0

        CLASS   STRCODE        

        CLASS   STRING         
                strings                             45F      45F       1E         0

        CLASS   CONST          

        CLASS   ENTRY          

        CLASS   COMMON         
                cstackCOMMON                         70       70        A         1
                bssCOMMON                            7A       7A        2         1

        CLASS   BANK0          
                cstackBANK0                          20       20       3F         1
                bssBANK0                             5F       5F       11         1

        CLASS   BANK1          
                bssBANK1                             A0       A0       36         1

        CLASS   BANK2          

        CLASS   BANK3          

        CLASS   RAM            

        CLASS   ABS1           
                abs_s1                               7E       7E        2         1

        CLASS   SFR0           

        CLASS   SFR1           

        CLASS   SFR2           

        CLASS   SFR3           

        CLASS   CONFIG         
                config                             2007     2007        1         4

        CLASS   IDLOC          

        CLASS   EEDATA         



SEGMENTS        Name                           Load    Length   Top    Selector   Space  Class     Delta

                reset_vec                      000000  000003  000003         0       0  CODE        2
                intentry                       000004  00045B  00045F         8       0  CODE        2
                cstackBANK0                    000020  000050  000070        20       1  BANK0       1
                cstackCOMMON                   000070  00000C  00007C        70       1  COMMON      1
                bssBANK1                       0000A0  000036  0000D6        A0       1  BANK1       1
                strings                        00045F  00001E  00047D       8BE       0  STRING      2
                text9                          00047D  0000BE  00053B       8FA       0  CODE        2


UNUSED ADDRESS RANGES

        Name                Unused          Largest block    Delta
        BANK1            00D6-00EF             1A           1
        BANK2            0110-016F             60           1
        BANK3            0190-01EF             60           1
        CODE             0003-0003              1           2
                         053B-1FFF            800
        COMMON           007C-007D              2           1
        CONST            0003-0003              1           2
                         053B-1FFF            100
        EEDATA           2100-21FF            100           2
        ENTRY            0003-0003              1           2
                         053B-1FFF            100
        IDLOC            2000-2003              4           2
        RAM              00D6-00EF             1A           1
                         0110-016F             60
                         0190-01EF             60
        SFR0             0000-001F             20           1
        SFR1             0080-009F             20           1
        SFR2             0100-010F             10           1
        SFR3             0180-018F             10           1
        STACK            0110-016F             60           1
        STRCODE          0003-0003              1           2
                         053B-1FFF           1AC5
        STRING           0003-0003              1           2
                         053B-1FFF            100

                                  Symbol Table

?_MPU6050_Read               cstackCOMMON 0078
?___awdiv                    cstackCOMMON 0072
?___lwdiv                    cstackCOMMON 0072
?___lwmod                    cstackBANK0  0020
?_sprintf                    cstackBANK0  0026
I2C_Read@ACK                 cstackCOMMON 0077
I2C_Read@Rvalue              cstackCOMMON 0076
I2C_Write@Tvalue             cstackCOMMON 0075
MPU6050_Read@add             cstackBANK0  0022
MPU6050_Read@retval          cstackBANK0  0023
MPU6050_Readvalue@Ax         cstackBANK0  005D
MPU6050_Readvalue@buffer     cstackBANK0  0035
MPU6050_Write@add            cstackCOMMON 0077
MPU6050_Write@data           cstackCOMMON 0076
Speed_M1@x                   cstackBANK0  0024
Speed_M2@x                   cstackBANK0  0024
UART_Transmit@c              cstackCOMMON 0072
UART_Transmit_Text@i         cstackCOMMON 0074
UART_Transmit_Text@str       cstackCOMMON 0075
_CREN                        (abs)        00C4
_Count1_timer0               bssCOMMON    007A
_Count2_timer0               bssBANK0     006B
_Count_BOT1                  bssBANK0     0067
_Count_BOT2                  bssBANK0     0063
_Count_TOP1                  bssBANK0     0069
_Count_TOP2                  bssBANK0     0065
_Dir_M1                      bssBANK0     006E
_Dir_M2                      bssBANK0     006D
_I2C_Idle                    text18       02FF
_I2C_Init                    text19       04FE
_I2C_Read                    text12       0435
_I2C_Start                   text17       051A
_I2C_Stop                    text16       050D
_I2C_Write                   text15       04B9
_INTCONbits                  (abs)        000B
_ISR                         text20       04D3
_MPU6050_Init                text13       0343
_MPU6050_Read                text11       0385
_MPU6050_Readvalue           text5        0401
_MPU6050_Write               text14       049B
_PIE1bits                    (abs)        008C
_PIR1bits                    (abs)        000C
_PORTBbits                   (abs)        0006
_PORTDbits                   (abs)        0008
_PR2                         (abs)        0092
_RCIE                        (abs)        0465
_RCIF                        (abs)        0065
_RCREG                       (abs)        001A
_RX_Buffer                   bssBANK1     00A4
_SPBRG                       (abs)        0099
_SPEN                        (abs)        00C7
_SSPADD                      (abs)        0093
_SSPBUF                      (abs)        0013
_SSPCON                      (abs)        0014
_SSPCON2                     (abs)        0091
_SSPCON2bits                 (abs)        0091
_SSPCONbits                  (abs)        0014
_SSPSTATbits                 (abs)        0094
_Speed_M1                    text3        01D3
_Speed_M2                    text2        0179
_Step                        text21       0270
_T2CONbits                   (abs)        0012
_TMR2                        (abs)        0011
_TRISBbits                   (abs)        0086
_TRISCbits                   (abs)        0087
_TRISDbits                   (abs)        0088
_TRMT                        (abs)        04C1
_TXEN                        (abs)        04C5
_TXREG                       (abs)        0019
_UART_Init                   text1        04EB
_UART_Transmit               text10       0527
_UART_Transmit_Text          text9        047D
__Habs1                      abs1         0000
__Hbank0                     bank0        0000
__Hbank1                     bank1        0000
__Hbank2                     bank2        0000
__Hbank3                     bank3        0000
__HbssBANK0                  bssBANK0     0000
__HbssBANK1                  bssBANK1     0000
__HbssCOMMON                 bssCOMMON    0000
__Hcinit                     cinit        0026
__Hclrtext                   clrtext      0000
__Hcode                      code         0000
__Hcommon                    common       0000
__Hconfig                    config       2008
__HcstackBANK0               cstackBANK0  0000
__HcstackCOMMON              cstackCOMMON 0000
__Heeprom_data               eeprom_data  0000
__Hend_init                  end_init     000F
__Hfunctab                   functab      0000
__Hinit                      init         000C
__Hintentry                  intentry     000C
__Hmaintext                  maintext     0000
__Hpowerup                   powerup      0000
__Hram                       ram          0000
__Hreset_vec                 reset_vec    0003
__Hsfr0                      sfr0         0000
__Hsfr1                      sfr1         0000
__Hsfr2                      sfr2         0000
__Hsfr3                      sfr3         0000
__Hspace_0                   (abs)        053B
__Hspace_1                   (abs)        00D6
__Hspace_2                   (abs)        0000
__Hspace_3                   (abs)        0000
__Hspace_4                   (abs)        400F
__Hstack                     stack        0000
__Hstrings                   strings      0000
__Htext                      text         0000
__Labs1                      abs1         0000
__Lbank0                     bank0        0000
__Lbank1                     bank1        0000
__Lbank2                     bank2        0000
__Lbank3                     bank3        0000
__LbssBANK0                  bssBANK0     0000
__LbssBANK1                  bssBANK1     0000
__LbssCOMMON                 bssCOMMON    0000
__Lcinit                     cinit        000F
__Lclrtext                   clrtext      0000
__Lcode                      code         0000
__Lcommon                    common       0000
__Lconfig                    config       0000
__LcstackBANK0               cstackBANK0  0000
__LcstackCOMMON              cstackCOMMON 0000
__Leeprom_data               eeprom_data  0000
__Lend_init                  end_init     000C
__Lfunctab                   functab      0000
__Linit                      init         000C
__Lintentry                  intentry     0004
__Lmaintext                  maintext     0000
__Lpowerup                   powerup      0000
__Lram                       ram          0000
__Lreset_vec                 reset_vec    0000
__Lsfr0                      sfr0         0000
__Lsfr1                      sfr1         0000
__Lsfr2                      sfr2         0000
__Lsfr3                      sfr3         0000
__Lspace_0                   (abs)        0000
__Lspace_1                   (abs)        0000
__Lspace_2                   (abs)        0000
__Lspace_3                   (abs)        0000
__Lspace_4                   (abs)        0000
__Lstack                     stack        0000
__Lstrings                   strings      0000
__Ltext                      text         0000
__S0                         (abs)        053B
__S1                         (abs)        00D6
__S2                         (abs)        0000
__S3                         (abs)        0000
___awdiv                     text4        0110
___awdiv@counter             cstackBANK0  0020
___awdiv@dividend            cstackCOMMON 0074
___awdiv@divisor             cstackCOMMON 0072
___awdiv@quotient            cstackBANK0  0022
___awdiv@sign                cstackBANK0  0021
___int_sp                    stack        0000
___latbits                   (abs)        0002
___lwdiv                     text8        02BB
___lwdiv@counter             cstackCOMMON 0079
___lwdiv@dividend            cstackCOMMON 0074
___lwdiv@divisor             cstackCOMMON 0072
___lwdiv@quotient            cstackCOMMON 0077
___lwmod                     text7        03C5
___lwmod@counter             cstackBANK0  0025
___lwmod@dividend            cstackBANK0  0022
___lwmod@divisor             cstackBANK0  0020
___sp                        stack        0000
___stackhi                   (abs)        0000
___stacklo                   (abs)        0000
__end_of_I2C_Idle            text18       0343
__end_of_I2C_Init            text19       050D
__end_of_I2C_Read            text12       045F
__end_of_I2C_Start           text17       0527
__end_of_I2C_Stop            text16       051A
__end_of_I2C_Write           text15       04D3
__end_of_ISR                 text20       04EB
__end_of_MPU6050_Init        text13       0385
__end_of_MPU6050_Read        text11       03C5
__end_of_MPU6050_Readvalue   text5        0435
__end_of_MPU6050_Write       text14       04B9
__end_of_Speed_M1            text3        0225
__end_of_Speed_M2            text2        01D3
__end_of_Step                text21       02BB
__end_of_UART_Init           text1        04FE
__end_of_UART_Transmit       text10       0533
__end_of_UART_Transmit_Text  text9        049B
__end_of___awdiv             text4        0179
__end_of___lwdiv             text8        02FF
__end_of___lwmod             text7        0401
__end_of__initialization     cinit        0022
__end_of__stringtab          strings      0465
__end_of_dpowers             strings      046F
__end_of_main                maintext     0270
__end_of_sprintf             text6        0110
__initialization             cinit        000F
__pbssBANK0                  bssBANK0     005F
__pbssBANK1                  bssBANK1     00A0
__pbssCOMMON                 bssCOMMON    007A
__pcstackBANK0               cstackBANK0  0020
__pcstackCOMMON              cstackCOMMON 0070
__pintentry                  intentry     0004
__pmaintext                  maintext     0225
__pstrings                   strings      045F
__ptext1                     text1        04EB
__ptext10                    text10       0527
__ptext11                    text11       0385
__ptext12                    text12       0435
__ptext13                    text13       0343
__ptext14                    text14       049B
__ptext15                    text15       04B9
__ptext16                    text16       050D
__ptext17                    text17       051A
__ptext18                    text18       02FF
__ptext19                    text19       04FE
__ptext2                     text2        0179
__ptext20                    text20       04D3
__ptext21                    text21       0270
__ptext3                     text3        01D3
__ptext4                     text4        0110
__ptext5                     text5        0401
__ptext6                     text6        0026
__ptext7                     text7        03C5
__ptext8                     text8        02BB
__ptext9                     text9        047D
__size_of_I2C_Idle           (abs)        0000
__size_of_I2C_Init           (abs)        0000
__size_of_I2C_Read           (abs)        0000
__size_of_I2C_Start          (abs)        0000
__size_of_I2C_Stop           (abs)        0000
__size_of_I2C_Write          (abs)        0000
__size_of_ISR                (abs)        0000
__size_of_MPU6050_Init       (abs)        0000
__size_of_MPU6050_Read       (abs)        0000
__size_of_MPU6050_Readvalue  (abs)        0000
__size_of_MPU6050_Write      (abs)        0000
__size_of_Speed_M1           (abs)        0000
__size_of_Speed_M2           (abs)        0000
__size_of_Step               (abs)        0000
__size_of_UART_Init          (abs)        0000
__size_of_UART_Transmit      (abs)        0000
__size_of_UART_Transmit_Text (abs)        0000
__size_of___awdiv            (abs)        0000
__size_of___lwdiv            (abs)        0000
__size_of___lwmod            (abs)        0000
__size_of_main               (abs)        0000
__size_of_sprintf            (abs)        0000
__stringbase                 strings      0464
__stringtab                  strings      045F
_dpowers                     strings      0465
_main                        maintext     0225
_rx_index                    bssBANK0     006F
_sprintf                     text6        0026
btemp                        (abs)        007E
clear_ram0                   clrtext      0533
end_of_initialization        cinit        0022
interrupt_function           intentry     0004
intlevel0                    functab      0000
intlevel1                    functab      0000
intlevel2                    functab      0000
intlevel3                    functab      0000
intlevel4                    functab      0000
intlevel5                    functab      0000
reset_vec                    reset_vec    0000
saved_w                      (abs)        007E
sprintf@ap                   cstackBANK0  002C
sprintf@c                    cstackBANK0  0032
sprintf@f                    cstackBANK0  0026
sprintf@flag                 cstackBANK0  002D
sprintf@prec                 cstackBANK0  002E
sprintf@sp                   cstackBANK0  0031
sprintf@val                  cstackBANK0  002F
start                        init         000C
start_initialization         cinit        000F
wtemp0                       (abs)        007E


MODULE INFORMATION

Module		Function		Class		Link	Load	Size
MPU6050.c
		_MPU6050_Read  		CODE           	0385	0000	64
		_MPU6050_Init  		CODE           	0343	0000	66
		_MPU6050_Write 		CODE           	049B	0000	30
		_MPU6050_Readvalue		CODE           	0401	0000	52

MPU6050.c estimated size: 212

UART.c
		_UART_Init     		CODE           	04EB	0000	19
		_UART_Transmit_Text		CODE           	047D	0000	30
		_UART_Transmit 		CODE           	0527	0000	12

UART.c estimated size: 61

D:\File Install MBLAB IDE\XC8\pic\sources\c90\common\awdiv.c
		___awdiv       		CODE           	0110	0000	105

D:\File Install MBLAB IDE\XC8\pic\sources\c90\common\awdiv.c estimated size: 105

I2C.c
		_I2C_Idle      		CODE           	02FF	0000	68
		_I2C_Write     		CODE           	04B9	0000	26
		_I2C_Stop      		CODE           	050D	0000	13
		_I2C_Read      		CODE           	0435	0000	42
		_I2C_Init      		CODE           	04FE	0000	15
		_I2C_Start     		CODE           	051A	0000	13

I2C.c estimated size: 177

D:\File Install MBLAB IDE\XC8\pic\sources\c90\common\lwmod.c
		___lwmod       		CODE           	03C5	0000	60

D:\File Install MBLAB IDE\XC8\pic\sources\c90\common\lwmod.c estimated size: 60

shared
		__stringtab    		STRING         	045F	0000	6
		_dpowers       		STRING         	0465	0000	10
		__initialization		CODE           	000F	0000	19

shared estimated size: 35

D:\File Install MBLAB IDE\XC8\pic\sources\c90\common\doprnt.c
		_sprintf       		CODE           	0026	0000	234

D:\File Install MBLAB IDE\XC8\pic\sources\c90\common\doprnt.c estimated size: 234

main.c
		_ISR           		CODE           	04D3	0000	24
		_Speed_M1      		CODE           	01D3	0000	82
		_Speed_M2      		CODE           	0179	0000	90
		_main          		CODE           	0225	0000	75
		_Step          		CODE           	0270	0000	75

main.c estimated size: 346

D:\File Install MBLAB IDE\XC8\pic\sources\c90\common\lwdiv.c
		___lwdiv       		CODE           	02BB	0000	68

D:\File Install MBLAB IDE\XC8\pic\sources\c90\common\lwdiv.c estimated size: 68

