Microchip MPLAB XC8 Compiler V2.32

Linker command line:

-W-3 --edf=D:\File Install MBLAB IDE\XC8\pic\dat\en_msgs.txt -cn \
  -h+dist/default/production\SRF05.X.production.sym \
  --cmf=dist/default/production\SRF05.X.production.cmf -z -Q16F877A \
  -oC:\Users\levan\AppData\Local\Temp\xcAsgeo.4 --defsym=__MPLAB_BUILD=1 \
  -Mdist/default/production/SRF05.X.production.map -E1 -ver=XC8 Compiler \
  --acfsm=1493 -ASTACK=0110h-016Fh -pstack=STACK -ACODE=00h-07FFhx4 \
  -ASTRCODE=00h-01FFFh -ASTRING=00h-0FFhx32 -ACONST=00h-0FFhx32 \
  -AENTRY=00h-0FFhx32 -ACOMMON=070h-07Fh -ABANK0=020h-06Fh \
  -ABANK1=0A0h-0EFh -ABANK2=0110h-016Fh -ABANK3=0190h-01EFh \
  -ARAM=020h-06Fh,0A0h-0EFh,0110h-016Fh,0190h-01EFh \
  -AABS1=020h-07Fh,0A0h-0EFh,0110h-016Fh,0190h-01EFh -ASFR0=00h-01Fh \
  -ASFR1=080h-09Fh -ASFR2=0100h-010Fh -ASFR3=0180h-018Fh \
  -ACONFIG=02007h-02007h -DCONFIG=2 -AIDLOC=02000h-02003h -DIDLOC=2 \
  -AEEDATA=00h-0FFh/02100h -peeprom_data=EEDATA -DEEDATA=2 -DCODE=2 \
  -DSTRCODE=2 -DSTRING=2 -DCONST=2 -DENTRY=2 \
  -preset_vec=00h,intentry,init,end_init -ppowerup=CODE -pcinit=CODE \
  -pfunctab=ENTRY -k C:\Users\levan\AppData\Local\Temp\xcAsgeo.o \
  dist/default/production\SRF05.X.production.o 

Object code version is 3.11

Machine type is 16F877A



                Name                               Link     Load   Length Selector   Space Scale
C:\Users\levan\AppData\Local\Temp\xcAsgeo.o
                end_init                              0        0        3        0       0
                config                             2007     2007        1        0       4
dist/default/production\SRF05.X.production.o
                cinit                               7FC      7FC        4      FF8       0
                config                             2007     2007        1        0       4
                text14                              EAA      EAA       1E     1D54       0
                text13                              F57      F57       2E     1EAE       0
                text12                              F0C      F0C       24     1E18       0
                text11                              EC8      EC8       22     1D90       0
                text10                              EEA      EEA       22     1DD4       0
                text9                               E9C      E9C        E     1D38       0
                text8                               FBF      FBF       41     1F7E       0
                text7                               2BE      2BE      1DD      57C       0
                text6                               F30      F30       27     1E60       0
                text5                               49B      49B      361      936       0
                text4                                4D       4D       7C       9A       0
                text3                                 9        9       44       12       0
                text2                               F85      F85       3A     1F0A       0
                text1                                C9       C9       BA      192       0
                maintext                            183      183      13B      306       0
                cstackBANK0                          20       20       46       20       1
                cstackCOMMON                         70       70        E       70       1
                strings                             800      800       1E     1000       0

TOTAL           Name                               Link     Load   Length     Space
        CLASS   STACK          

        CLASS   CODE           
                end_init                              0        0        3         0
                cinit                               7FC      7FC        4         0
                text14                              EAA      EAA       1E         0
                text13                              F57      F57       2E         0
                text12                              F0C      F0C       24         0
                text11                              EC8      EC8       22         0
                text10                              EEA      EEA       22         0
                text9                               E9C      E9C        E         0
                text8                               FBF      FBF       41         0
                text7                               2BE      2BE      1DD         0
                text6                               F30      F30       27         0
                text5                               49B      49B      361         0
                text4                                4D       4D       7C         0
                text3                                 9        9       44         0
                text2                               F85      F85       3A         0
                text1                                C9       C9       BA         0
                maintext                            183      183      13B         0

        CLASS   STRCODE        

        CLASS   STRING         
                strings                             800      800       1E         0

        CLASS   CONST          

        CLASS   ENTRY          

        CLASS   COMMON         
                cstackCOMMON                         70       70        E         1

        CLASS   BANK0          
                cstackBANK0                          20       20       46         1

        CLASS   BANK1          

        CLASS   BANK2          

        CLASS   BANK3          

        CLASS   RAM            

        CLASS   ABS1           
                abs_s1                               7E       7E        2         1

        CLASS   SFR0           

        CLASS   SFR1           

        CLASS   SFR2           

        CLASS   SFR3           

        CLASS   CONFIG         
                config                             2007     2007        1         4

        CLASS   IDLOC          

        CLASS   EEDATA         



SEGMENTS        Name                           Load    Length   Top    Selector   Space  Class     Delta

                reset_vec                      000000  000003  000003         0       0  CODE        2
                text3                          000009  000044  00004D        12       0  CODE        2
                cstackBANK0                    000020  000046  000066        20       1  BANK0       1
                cstackCOMMON                   000070  00000E  00007E        70       1  COMMON      1
                text4                          00004D  00007C  0000C9        9A       0  CODE        2
                text1                          0000C9  0000BA  000183       192       0  CODE        2
                maintext                       000183  00013B  0002BE       306       0  CODE        2
                text7                          0002BE  0001DD  00049B       57C       0  CODE        2
                text5                          00049B  000361  0007FC       936       0  CODE        2
                cinit                          0007FC  000004  000800       FF8       0  CODE        2
                strings                        000800  00001E  00081E      1000       0  STRING      2
                text9                          000E9C  00000E  000EAA      1D38       0  CODE        2
                text14                         000EAA  00001E  000EC8      1D54       0  CODE        2
                text11                         000EC8  000022  000EEA      1D90       0  CODE        2
                text10                         000EEA  000022  000F0C      1DD4       0  CODE        2
                text12                         000F0C  000024  000F30      1E18       0  CODE        2
                text6                          000F30  000027  000F57      1E60       0  CODE        2
                text13                         000F57  00002E  000F85      1EAE       0  CODE        2
                text2                          000F85  00003A  000FBF      1F0A       0  CODE        2
                text8                          000FBF  000041  001000      1F7E       0  CODE        2


UNUSED ADDRESS RANGES

        Name                Unused          Largest block    Delta
        BANK0            0066-006F              A           1
        BANK1            00A0-00EF             50           1
        BANK2            0110-016F             60           1
        BANK3            0190-01EF             60           1
        CODE             0003-0008              6           2
                         081E-0E9B            67E
                         1000-1FFF            800
        CONST            0003-0008              6           2
                         081E-0E9B            100
                         1000-1FFF            100
        EEDATA           2100-21FF            100           2
        ENTRY            0003-0008              6           2
                         081E-0E9B            100
                         1000-1FFF            100
        IDLOC            2000-2003              4           2
        RAM              0066-006F              A           1
                         00A0-00EF             50
                         0110-016F             60
                         0190-01EF             60
        SFR0             0000-001F             20           1
        SFR1             0080-009F             20           1
        SFR2             0100-010F             10           1
        SFR3             0180-018F             10           1
        STACK            0110-016F             60           1
        STRCODE          0003-0008              6           2
                         081E-0E9B            67E
                         1000-1FFF           1000
        STRING           0003-0008              6           2
                         081E-0E9B            100
                         1000-1FFF            100

                                  Symbol Table

?__Umul8_16                     cstackCOMMON 0070
?___fldiv                       cstackBANK0  003A
?___flmul                       cstackBANK0  0020
?___fltol                       cstackBANK0  0054
?___lwdiv                       cstackCOMMON 0070
?___lwmod                       cstackCOMMON 0078
?___xxtofl                      cstackCOMMON 0070
LCD_Char@c                      cstackCOMMON 0072
LCD_Cmd@cmd                     cstackCOMMON 0072
LCD_Cmd_Init@cmd                cstackCOMMON 0071
LCD_GotoCursor_Char@c           cstackCOMMON 0079
LCD_GotoCursor_Char@cmd         cstackBANK0  0023
LCD_GotoCursor_Char@col         cstackCOMMON 0078
LCD_GotoCursor_Char@row         cstackBANK0  0020
LCD_GotoCursor_String@cmd       cstackCOMMON 007C
LCD_GotoCursor_String@col       cstackCOMMON 0076
LCD_GotoCursor_String@row       cstackCOMMON 0079
LCD_GotoCursor_String@str       cstackCOMMON 0077
LCD_String@i                    cstackCOMMON 0075
LCD_String@str                  cstackCOMMON 0074
_ADCON1                         (abs)        009F
_LCD_Char                       text14       0EAA
_LCD_Cmd                        text13       0F57
_LCD_Cmd_Init                   text9        0E9C
_LCD_GotoCursor_Char            text12       0F0C
_LCD_GotoCursor_Char$149        cstackBANK0  0021
_LCD_GotoCursor_String          text10       0EEA
_LCD_GotoCursor_String$155      cstackCOMMON 007A
_LCD_Init                       text8        0FBF
_LCD_String                     text11       0EC8
_PORTBbits                      (abs)        0006
_PORTC                          (abs)        0007
_T1CONbits                      (abs)        0010
_TMR1H                          (abs)        000F
_TMR1L                          (abs)        000E
_TRISBbits                      (abs)        0086
_TRISC                          (abs)        0087
__Habs1                         abs1         0000
__Hbank0                        bank0        0000
__Hbank1                        bank1        0000
__Hbank2                        bank2        0000
__Hbank3                        bank3        0000
__Hcinit                        cinit        0800
__Hclrtext                      clrtext      0000
__Hcode                         code         0000
__Hcommon                       common       0000
__Hconfig                       config       2008
__HcstackBANK0                  cstackBANK0  0000
__HcstackCOMMON                 cstackCOMMON 0000
__Heeprom_data                  eeprom_data  0000
__Hend_init                     end_init     0003
__Hfunctab                      functab      0000
__Hinit                         init         0000
__Hintentry                     intentry     0000
__Hmaintext                     maintext     0000
__Hpowerup                      powerup      0000
__Hram                          ram          0000
__Hreset_vec                    reset_vec    0000
__Hsfr0                         sfr0         0000
__Hsfr1                         sfr1         0000
__Hsfr2                         sfr2         0000
__Hsfr3                         sfr3         0000
__Hspace_0                      (abs)        1000
__Hspace_1                      (abs)        007E
__Hspace_2                      (abs)        0000
__Hspace_3                      (abs)        0000
__Hspace_4                      (abs)        400F
__Hstack                        stack        0000
__Hstrings                      strings      0000
__Htext                         text         0000
__Labs1                         abs1         0000
__Lbank0                        bank0        0000
__Lbank1                        bank1        0000
__Lbank2                        bank2        0000
__Lbank3                        bank3        0000
__Lcinit                        cinit        07FC
__Lclrtext                      clrtext      0000
__Lcode                         code         0000
__Lcommon                       common       0000
__Lconfig                       config       0000
__LcstackBANK0                  cstackBANK0  0000
__LcstackCOMMON                 cstackCOMMON 0000
__Leeprom_data                  eeprom_data  0000
__Lend_init                     end_init     0000
__Lfunctab                      functab      0000
__Linit                         init         0000
__Lintentry                     intentry     0000
__Lmaintext                     maintext     0000
__Lpowerup                      powerup      0000
__Lram                          ram          0000
__Lreset_vec                    reset_vec    0000
__Lsfr0                         sfr0         0000
__Lsfr1                         sfr1         0000
__Lsfr2                         sfr2         0000
__Lsfr3                         sfr3         0000
__Lspace_0                      (abs)        0000
__Lspace_1                      (abs)        0000
__Lspace_2                      (abs)        0000
__Lspace_3                      (abs)        0000
__Lspace_4                      (abs)        0000
__Lstack                        stack        0000
__Lstrings                      strings      0000
__Ltext                         text         0000
__S0                            (abs)        1000
__S1                            (abs)        007E
__S2                            (abs)        0000
__S3                            (abs)        0000
__Umul8_16                      text6        0F30
__Umul8_16@multiplicand         cstackCOMMON 0070
__Umul8_16@multiplier           cstackCOMMON 0078
__Umul8_16@product              cstackCOMMON 0074
__Umul8_16@word_mpld            cstackCOMMON 0076
___fldiv                        text7        02BE
___fldiv@a                      cstackBANK0  003A
___fldiv@aexp                   cstackBANK0  0053
___fldiv@b                      cstackBANK0  003E
___fldiv@bexp                   cstackBANK0  0052
___fldiv@grs                    cstackBANK0  004E
___fldiv@new_exp                cstackBANK0  004C
___fldiv@rem                    cstackBANK0  0047
___fldiv@sign                   cstackBANK0  004B
___flmul                        text5        049B
___flmul@a                      cstackBANK0  0024
___flmul@aexp                   cstackBANK0  0032
___flmul@b                      cstackBANK0  0020
___flmul@bexp                   cstackBANK0  0033
___flmul@grs                    cstackBANK0  002E
___flmul@prod                   cstackBANK0  0034
___flmul@sign                   cstackBANK0  002D
___flmul@temp                   cstackBANK0  0038
___fltol                        text4        004D
___fltol@exp1                   cstackBANK0  005E
___fltol@f1                     cstackBANK0  0054
___fltol@sign1                  cstackBANK0  005D
___int_sp                       stack        0000
___latbits                      (abs)        0002
___lwdiv                        text3        0009
___lwdiv@counter                cstackCOMMON 0077
___lwdiv@dividend               cstackCOMMON 0072
___lwdiv@divisor                cstackCOMMON 0070
___lwdiv@quotient               cstackCOMMON 0075
___lwmod                        text2        0F85
___lwmod@counter                cstackCOMMON 007D
___lwmod@dividend               cstackCOMMON 007A
___lwmod@divisor                cstackCOMMON 0078
___sp                           stack        0000
___stackhi                      (abs)        0000
___stacklo                      (abs)        0000
___xxtofl                       text1        00C9
___xxtofl@arg                   cstackCOMMON 007A
___xxtofl@exp                   cstackCOMMON 0079
___xxtofl@sign                  cstackCOMMON 0078
___xxtofl@val                   cstackCOMMON 0070
__end_of_LCD_Char               text14       0EC8
__end_of_LCD_Cmd                text13       0F85
__end_of_LCD_Cmd_Init           text9        0EAA
__end_of_LCD_GotoCursor_Char    text12       0F30
__end_of_LCD_GotoCursor_String  text10       0F0C
__end_of_LCD_Init               text8        1000
__end_of_LCD_String             text11       0EEA
__end_of__Umul8_16              text6        0F57
__end_of___fldiv                text7        049B
__end_of___flmul                text5        07FC
__end_of___fltol                text4        00C9
__end_of___lwdiv                text3        004D
__end_of___lwmod                text2        0FBF
__end_of___xxtofl               text1        0183
__end_of__initialization        cinit        07FC
__end_of__stringtab             strings      0806
__end_of_main                   maintext     02BE
__initialization                cinit        07FC
__pcstackBANK0                  cstackBANK0  0020
__pcstackCOMMON                 cstackCOMMON 0070
__pmaintext                     maintext     0183
__pstrings                      strings      0800
__ptext1                        text1        00C9
__ptext10                       text10       0EEA
__ptext11                       text11       0EC8
__ptext12                       text12       0F0C
__ptext13                       text13       0F57
__ptext14                       text14       0EAA
__ptext2                        text2        0F85
__ptext3                        text3        0009
__ptext4                        text4        004D
__ptext5                        text5        049B
__ptext6                        text6        0F30
__ptext7                        text7        02BE
__ptext8                        text8        0FBF
__ptext9                        text9        0E9C
__size_of_LCD_Char              (abs)        0000
__size_of_LCD_Cmd               (abs)        0000
__size_of_LCD_Cmd_Init          (abs)        0000
__size_of_LCD_GotoCursor_Char   (abs)        0000
__size_of_LCD_GotoCursor_String (abs)        0000
__size_of_LCD_Init              (abs)        0000
__size_of_LCD_String            (abs)        0000
__size_of__Umul8_16             (abs)        0000
__size_of___fldiv               (abs)        0000
__size_of___flmul               (abs)        0000
__size_of___fltol               (abs)        0000
__size_of___lwdiv               (abs)        0000
__size_of___lwmod               (abs)        0000
__size_of___xxtofl              (abs)        0000
__size_of_main                  (abs)        0000
__stringbase                    strings      0805
__stringtab                     strings      0800
_main                           maintext     0183
btemp                           (abs)        007E
end_of_initialization           cinit        07FC
intlevel0                       functab      0000
intlevel1                       functab      0000
intlevel2                       functab      0000
intlevel3                       functab      0000
intlevel4                       functab      0000
intlevel5                       functab      0000
main@distance                   cstackBANK0  0062
main@time                       cstackBANK0  0064
reset_vec                       reset_vec    0000
start                           init         0000
start_initialization            cinit        07FC
wtemp0                          (abs)        007E


MODULE INFORMATION

Module		Function		Class		Link	Load	Size
D:\File Install MBLAB IDE\XC8\pic\sources\c90\common\fltol.c
		___fltol       		CODE           	004D	0000	124

D:\File Install MBLAB IDE\XC8\pic\sources\c90\common\fltol.c estimated size: 124

newmain.c
		_LCD_GotoCursor_String		CODE           	0EEA	0000	34
		_LCD_String    		CODE           	0EC8	0000	34
		_LCD_Init      		CODE           	0FBF	0000	65
		_LCD_Cmd       		CODE           	0F57	0000	46
		_main          		CODE           	0183	0000	315
		_LCD_Cmd_Init  		CODE           	0E9C	0000	14
		_LCD_Char      		CODE           	0EAA	0000	30
		_LCD_GotoCursor_Char		CODE           	0F0C	0000	36

newmain.c estimated size: 574

D:\File Install MBLAB IDE\XC8\pic\sources\c90\common\Umul8_16.c
		__Umul8_16     		CODE           	0F30	0000	39

D:\File Install MBLAB IDE\XC8\pic\sources\c90\common\Umul8_16.c estimated size: 39

D:\File Install MBLAB IDE\XC8\pic\sources\c90\common\sprcmul.c
		___flmul       		CODE           	049B	0000	865

D:\File Install MBLAB IDE\XC8\pic\sources\c90\common\sprcmul.c estimated size: 865

D:\File Install MBLAB IDE\XC8\pic\sources\c90\common\xxtofl.c
		___xxtofl      		CODE           	00C9	0000	186

D:\File Install MBLAB IDE\XC8\pic\sources\c90\common\xxtofl.c estimated size: 186

D:\File Install MBLAB IDE\XC8\pic\sources\c90\common\lwmod.c
		___lwmod       		CODE           	0F85	0000	58

D:\File Install MBLAB IDE\XC8\pic\sources\c90\common\lwmod.c estimated size: 58

shared
		__stringtab    		STRING         	0800	0000	6
		__initialization		CODE           	07FC	0000	1

shared estimated size: 7

D:\File Install MBLAB IDE\XC8\pic\sources\c90\common\sprcdiv.c
		___fldiv       		CODE           	02BE	0000	477

D:\File Install MBLAB IDE\XC8\pic\sources\c90\common\sprcdiv.c estimated size: 477

D:\File Install MBLAB IDE\XC8\pic\sources\c90\common\lwdiv.c
		___lwdiv       		CODE           	0009	0000	68

D:\File Install MBLAB IDE\XC8\pic\sources\c90\common\lwdiv.c estimated size: 68

